Sep  9 12:58:19 ubuntu rsyslogd: [origin software="rsyslogd" swVersion="7.4.4" x-pid="499" x-info="http://www.rsyslog.com"] start
Sep  9 12:58:19 ubuntu rsyslogd: rsyslogd's groupid changed to 104
Sep  9 12:58:19 ubuntu rsyslogd: rsyslogd's userid changed to 101
Sep  9 12:58:19 ubuntu kernel: [    0.000000] ACPI: LAPIC_NMI (acpi_id[0x23] high edge lint[0x1])
Sep  9 12:58:19 ubuntu kernel: [    0.000000] ACPI: LAPIC_NMI (acpi_id[0x24] high edge lint[0x1])
Sep  9 12:58:19 ubuntu kernel: [    0.000000] ACPI: LAPIC_NMI (acpi_id[0x25] high edge lint[0x1])
Sep  9 12:58:19 ubuntu kernel: [    0.000000] ACPI: LAPIC_NMI (acpi_id[0x26] high edge lint[0x1])
Sep  9 12:58:19 ubuntu kernel: [    0.000000] ACPI: LAPIC_NMI (acpi_id[0x27] high edge lint[0x1])
Sep  9 12:58:19 ubuntu kernel: [    0.000000] ACPI: LAPIC_NMI (acpi_id[0x28] high edge lint[0x1])
Sep  9 12:58:19 ubuntu kernel: [    0.000000] ACPI: LAPIC_NMI (acpi_id[0x29] high edge lint[0x1])
Sep  9 12:58:19 ubuntu kernel: [    0.000000] ACPI: LAPIC_NMI (acpi_id[0x2a] high edge lint[0x1])
Sep  9 12:58:19 ubuntu kernel: [    0.000000] ACPI: LAPIC_NMI (acpi_id[0x2b] high edge lint[0x1])
Sep  9 12:58:19 ubuntu kernel: [    0.000000] ACPI: LAPIC_NMI (acpi_id[0x2c] high edge lint[0x1])
Sep  9 12:58:19 ubuntu kernel: [    0.000000] ACPI: LAPIC_NMI (acpi_id[0x2d] high edge lint[0x1])
Sep  9 12:58:19 ubuntu kernel: [    0.000000] ACPI: LAPIC_NMI (acpi_id[0x2e] high edge lint[0x1])
Sep  9 12:58:19 ubuntu kernel: [    0.000000] ACPI: LAPIC_NMI (acpi_id[0x2f] high edge lint[0x1])
Sep  9 12:58:19 ubuntu kernel: [    0.000000] ACPI: LAPIC_NMI (acpi_id[0x30] high edge lint[0x1])
Sep  9 12:58:19 ubuntu kernel: [    0.000000] ACPI: LAPIC_NMI (acpi_id[0x31] high edge lint[0x1])
Sep  9 12:58:19 ubuntu kernel: [    0.000000] ACPI: LAPIC_NMI (acpi_id[0x32] high edge lint[0x1])
Sep  9 12:58:19 ubuntu kernel: [    0.000000] ACPI: LAPIC_NMI (acpi_id[0x33] high edge lint[0x1])
Sep  9 12:58:19 ubuntu kernel: [    0.000000] ACPI: LAPIC_NMI (acpi_id[0x34] high edge lint[0x1])
Sep  9 12:58:19 ubuntu kernel: [    0.000000] ACPI: LAPIC_NMI (acpi_id[0x35] high edge lint[0x1])
Sep  9 12:58:19 ubuntu kernel: [    0.000000] ACPI: LAPIC_NMI (acpi_id[0x36] high edge lint[0x1])
Sep  9 12:58:19 ubuntu kernel: [    0.000000] ACPI: LAPIC_NMI (acpi_id[0x37] high edge lint[0x1])
Sep  9 12:58:19 ubuntu kernel: [    0.000000] ACPI: LAPIC_NMI (acpi_id[0x38] high edge lint[0x1])
Sep  9 12:58:19 ubuntu kernel: [    0.000000] ACPI: LAPIC_NMI (acpi_id[0x39] high edge lint[0x1])
Sep  9 12:58:19 ubuntu kernel: [    0.000000] ACPI: LAPIC_NMI (acpi_id[0x3a] high edge lint[0x1])
Sep  9 12:58:19 ubuntu kernel: [    0.000000] ACPI: LAPIC_NMI (acpi_id[0x3b] high edge lint[0x1])
Sep  9 12:58:19 ubuntu kernel: [    0.000000] ACPI: LAPIC_NMI (acpi_id[0x3c] high edge lint[0x1])
Sep  9 12:58:19 ubuntu kernel: [    0.000000] ACPI: LAPIC_NMI (acpi_id[0x3d] high edge lint[0x1])
Sep  9 12:58:19 ubuntu kernel: [    0.000000] ACPI: LAPIC_NMI (acpi_id[0x3e] high edge lint[0x1])
Sep  9 12:58:19 ubuntu kernel: [    0.000000] ACPI: LAPIC_NMI (acpi_id[0x3f] high edge lint[0x1])
Sep  9 12:58:19 ubuntu kernel: [    0.000000] ACPI: LAPIC_NMI (acpi_id[0x40] high edge lint[0x1])
Sep  9 12:58:19 ubuntu kernel: [    0.000000] ACPI: LAPIC_NMI (acpi_id[0x41] high edge lint[0x1])
Sep  9 12:58:19 ubuntu kernel: [    0.000000] ACPI: LAPIC_NMI (acpi_id[0x42] high edge lint[0x1])
Sep  9 12:58:19 ubuntu kernel: [    0.000000] ACPI: LAPIC_NMI (acpi_id[0x43] high edge lint[0x1])
Sep  9 12:58:19 ubuntu kernel: [    0.000000] ACPI: LAPIC_NMI (acpi_id[0x44] high edge lint[0x1])
Sep  9 12:58:19 ubuntu kernel: [    0.000000] ACPI: LAPIC_NMI (acpi_id[0x45] high edge lint[0x1])
Sep  9 12:58:19 ubuntu kernel: [    0.000000] ACPI: LAPIC_NMI (acpi_id[0x46] high edge lint[0x1])
Sep  9 12:58:19 ubuntu kernel: [    0.000000] ACPI: LAPIC_NMI (acpi_id[0x47] high edge lint[0x1])
Sep  9 12:58:19 ubuntu kernel: [    0.000000] ACPI: LAPIC_NMI (acpi_id[0x48] high edge lint[0x1])
Sep  9 12:58:19 ubuntu kernel: [    0.000000] ACPI: LAPIC_NMI (acpi_id[0x49] high edge lint[0x1])
Sep  9 12:58:19 ubuntu kernel: [    0.000000] ACPI: LAPIC_NMI (acpi_id[0x4a] high edge lint[0x1])
Sep  9 12:58:19 ubuntu kernel: [    0.000000] ACPI: LAPIC_NMI (acpi_id[0x4b] high edge lint[0x1])
Sep  9 12:58:19 ubuntu kernel: [    0.000000] ACPI: LAPIC_NMI (acpi_id[0x4c] high edge lint[0x1])
Sep  9 12:58:19 ubuntu kernel: [    0.000000] ACPI: LAPIC_NMI (acpi_id[0x4d] high edge lint[0x1])
Sep  9 12:58:19 ubuntu kernel: [    0.000000] ACPI: LAPIC_NMI (acpi_id[0x4e] high edge lint[0x1])
Sep  9 12:58:19 ubuntu kernel: [    0.000000] ACPI: LAPIC_NMI (acpi_id[0x4f] high edge lint[0x1])
Sep  9 12:58:19 ubuntu kernel: [    0.000000] ACPI: LAPIC_NMI (acpi_id[0x50] high edge lint[0x1])
Sep  9 12:58:19 ubuntu kernel: [    0.000000] ACPI: LAPIC_NMI (acpi_id[0x51] high edge lint[0x1])
Sep  9 12:58:19 ubuntu kernel: [    0.000000] ACPI: LAPIC_NMI (acpi_id[0x52] high edge lint[0x1])
Sep  9 12:58:19 ubuntu kernel: [    0.000000] ACPI: LAPIC_NMI (acpi_id[0x53] high edge lint[0x1])
Sep  9 12:58:19 ubuntu kernel: [    0.000000] ACPI: LAPIC_NMI (acpi_id[0x54] high edge lint[0x1])
Sep  9 12:58:19 ubuntu kernel: [    0.000000] ACPI: LAPIC_NMI (acpi_id[0x55] high edge lint[0x1])
Sep  9 12:58:19 ubuntu kernel: [    0.000000] ACPI: LAPIC_NMI (acpi_id[0x56] high edge lint[0x1])
Sep  9 12:58:19 ubuntu kernel: [    0.000000] ACPI: LAPIC_NMI (acpi_id[0x57] high edge lint[0x1])
Sep  9 12:58:19 ubuntu kernel: [    0.000000] ACPI: LAPIC_NMI (acpi_id[0x58] high edge lint[0x1])
Sep  9 12:58:19 ubuntu kernel: [    0.000000] ACPI: LAPIC_NMI (acpi_id[0x59] high edge lint[0x1])
Sep  9 12:58:19 ubuntu kernel: [    0.000000] ACPI: LAPIC_NMI (acpi_id[0x5a] high edge lint[0x1])
Sep  9 12:58:19 ubuntu kernel: [    0.000000] ACPI: LAPIC_NMI (acpi_id[0x5b] high edge lint[0x1])
Sep  9 12:58:19 ubuntu kernel: [    0.000000] ACPI: LAPIC_NMI (acpi_id[0x5c] high edge lint[0x1])
Sep  9 12:58:19 ubuntu kernel: [    0.000000] ACPI: LAPIC_NMI (acpi_id[0x5d] high edge lint[0x1])
Sep  9 12:58:19 ubuntu kernel: [    0.000000] ACPI: LAPIC_NMI (acpi_id[0x5e] high edge lint[0x1])
Sep  9 12:58:19 ubuntu kernel: [    0.000000] ACPI: LAPIC_NMI (acpi_id[0x5f] high edge lint[0x1])
Sep  9 12:58:19 ubuntu kernel: [    0.000000] ACPI: LAPIC_NMI (acpi_id[0x60] high edge lint[0x1])
Sep  9 12:58:19 ubuntu kernel: [    0.000000] ACPI: LAPIC_NMI (acpi_id[0x61] high edge lint[0x1])
Sep  9 12:58:19 ubuntu kernel: [    0.000000] ACPI: LAPIC_NMI (acpi_id[0x62] high edge lint[0x1])
Sep  9 12:58:19 ubuntu kernel: [    0.000000] ACPI: LAPIC_NMI (acpi_id[0x63] high edge lint[0x1])
Sep  9 12:58:19 ubuntu kernel: [    0.000000] ACPI: LAPIC_NMI (acpi_id[0x64] high edge lint[0x1])
Sep  9 12:58:19 ubuntu kernel: [    0.000000] ACPI: LAPIC_NMI (acpi_id[0x65] high edge lint[0x1])
Sep  9 12:58:19 ubuntu kernel: [    0.000000] ACPI: LAPIC_NMI (acpi_id[0x66] high edge lint[0x1])
Sep  9 12:58:19 ubuntu kernel: [    0.000000] ACPI: LAPIC_NMI (acpi_id[0x67] high edge lint[0x1])
Sep  9 12:58:19 ubuntu kernel: [    0.000000] ACPI: LAPIC_NMI (acpi_id[0x68] high edge lint[0x1])
Sep  9 12:58:19 ubuntu kernel: [    0.000000] ACPI: LAPIC_NMI (acpi_id[0x69] high edge lint[0x1])
Sep  9 12:58:19 ubuntu kernel: [    0.000000] ACPI: LAPIC_NMI (acpi_id[0x6a] high edge lint[0x1])
Sep  9 12:58:19 ubuntu kernel: [    0.000000] ACPI: LAPIC_NMI (acpi_id[0x6b] high edge lint[0x1])
Sep  9 12:58:19 ubuntu kernel: [    0.000000] ACPI: LAPIC_NMI (acpi_id[0x6c] high edge lint[0x1])
Sep  9 12:58:19 ubuntu kernel: [    0.000000] ACPI: LAPIC_NMI (acpi_id[0x6d] high edge lint[0x1])
Sep  9 12:58:19 ubuntu kernel: [    0.000000] ACPI: LAPIC_NMI (acpi_id[0x6e] high edge lint[0x1])
Sep  9 12:58:19 ubuntu kernel: [    0.000000] ACPI: LAPIC_NMI (acpi_id[0x6f] high edge lint[0x1])
Sep  9 12:58:19 ubuntu kernel: [    0.000000] ACPI: LAPIC_NMI (acpi_id[0x70] high edge lint[0x1])
Sep  9 12:58:19 ubuntu kernel: [    0.000000] ACPI: LAPIC_NMI (acpi_id[0x71] high edge lint[0x1])
Sep  9 12:58:19 ubuntu kernel: [    0.000000] ACPI: LAPIC_NMI (acpi_id[0x72] high edge lint[0x1])
Sep  9 12:58:19 ubuntu kernel: [    0.000000] ACPI: LAPIC_NMI (acpi_id[0x73] high edge lint[0x1])
Sep  9 12:58:19 ubuntu kernel: [    0.000000] ACPI: LAPIC_NMI (acpi_id[0x74] high edge lint[0x1])
Sep  9 12:58:19 ubuntu kernel: [    0.000000] ACPI: LAPIC_NMI (acpi_id[0x75] high edge lint[0x1])
Sep  9 12:58:19 ubuntu kernel: [    0.000000] ACPI: LAPIC_NMI (acpi_id[0x76] high edge lint[0x1])
Sep  9 12:58:19 ubuntu kernel: [    0.000000] ACPI: LAPIC_NMI (acpi_id[0x77] high edge lint[0x1])
Sep  9 12:58:19 ubuntu kernel: [    0.000000] ACPI: LAPIC_NMI (acpi_id[0x78] high edge lint[0x1])
Sep  9 12:58:19 ubuntu kernel: [    0.000000] ACPI: LAPIC_NMI (acpi_id[0x79] high edge lint[0x1])
Sep  9 12:58:19 ubuntu kernel: [    0.000000] ACPI: LAPIC_NMI (acpi_id[0x7a] high edge lint[0x1])
Sep  9 12:58:19 ubuntu kernel: [    0.000000] ACPI: LAPIC_NMI (acpi_id[0x7b] high edge lint[0x1])
Sep  9 12:58:19 ubuntu kernel: [    0.000000] ACPI: LAPIC_NMI (acpi_id[0x7c] high edge lint[0x1])
Sep  9 12:58:19 ubuntu kernel: [    0.000000] ACPI: LAPIC_NMI (acpi_id[0x7d] high edge lint[0x1])
Sep  9 12:58:19 ubuntu kernel: [    0.000000] ACPI: LAPIC_NMI (acpi_id[0x7e] high edge lint[0x1])
Sep  9 12:58:19 ubuntu kernel: [    0.000000] ACPI: LAPIC_NMI (acpi_id[0x7f] high edge lint[0x1])
Sep  9 12:58:19 ubuntu kernel: [    0.000000] ACPI: IOAPIC (id[0x01] address[0xfec00000] gsi_base[0])
Sep  9 12:58:19 ubuntu kernel: [    0.000000] IOAPIC[0]: apic_id 1, version 17, address 0xfec00000, GSI 0-23
Sep  9 12:58:19 ubuntu kernel: [    0.000000] ACPI: INT_SRC_OVR (bus 0 bus_irq 0 global_irq 2 high edge)
Sep  9 12:58:19 ubuntu kernel: [    0.000000] ACPI: IRQ0 used by override.
Sep  9 12:58:19 ubuntu kernel: [    0.000000] ACPI: IRQ2 used by override.
Sep  9 12:58:19 ubuntu kernel: [    0.000000] ACPI: IRQ9 used by override.
Sep  9 12:58:19 ubuntu kernel: [    0.000000] Using ACPI (MADT) for SMP configuration information
Sep  9 12:58:19 ubuntu kernel: [    0.000000] ACPI: HPET id: 0x8086af01 base: 0xfed00000
Sep  9 12:58:19 ubuntu kernel: [    0.000000] smpboot: 128 Processors exceeds NR_CPUS limit of 8
Sep  9 12:58:19 ubuntu kernel: [    0.000000] smpboot: Allowing 8 CPUs, 4 hotplug CPUs
Sep  9 12:58:19 ubuntu kernel: [    0.000000] nr_irqs_gsi: 40
Sep  9 12:58:19 ubuntu kernel: [    0.000000] PM: Registered nosave memory: [mem 0x0009e000-0x0009efff]
Sep  9 12:58:19 ubuntu kernel: [    0.000000] PM: Registered nosave memory: [mem 0x0009f000-0x0009ffff]
Sep  9 12:58:19 ubuntu kernel: [    0.000000] PM: Registered nosave memory: [mem 0x000a0000-0x000dbfff]
Sep  9 12:58:19 ubuntu kernel: [    0.000000] PM: Registered nosave memory: [mem 0x000dc000-0x000fffff]
Sep  9 12:58:19 ubuntu kernel: [    0.000000] e820: [mem 0xc0000000-0xefffffff] available for PCI devices
Sep  9 12:58:19 ubuntu kernel: [    0.000000] Booting paravirtualized kernel on bare hardware
Sep  9 12:58:19 ubuntu kernel: [    0.000000] setup_percpu: NR_CPUS:8 nr_cpumask_bits:8 nr_cpu_ids:8 nr_node_ids:1
Sep  9 12:58:19 ubuntu kernel: [    0.000000] PERCPU: Embedded 14 pages/cpu @f7b7c000 s36096 r0 d21248 u57344
Sep  9 12:58:19 ubuntu kernel: [    0.000000] pcpu-alloc: s36096 r0 d21248 u57344 alloc=14*4096
Sep  9 12:58:19 ubuntu kernel: [    0.000000] pcpu-alloc: [0] 0 [0] 1 [0] 2 [0] 3 [0] 4 [0] 5 [0] 6 [0] 7 
Sep  9 12:58:19 ubuntu kernel: [    0.000000] Built 1 zonelists in Zone order, mobility grouping on.  Total pages: 1046661
Sep  9 12:58:19 ubuntu kernel: [    0.000000] Kernel command line: BOOT_IMAGE=/boot/vmlinuz-3.13.0-32-generic root=UUID=c74a6bf6-1b4f-42a4-aa63-44be9017fec5 ro find_preseed=/preseed.cfg auto noprompt priority=critical locale=en_US quiet
Sep  9 12:58:19 ubuntu kernel: [    0.000000] PID hash table entries: 4096 (order: 2, 16384 bytes)
Sep  9 12:58:19 ubuntu kernel: [    0.000000] Dentry cache hash table entries: 131072 (order: 7, 524288 bytes)
Sep  9 12:58:19 ubuntu kernel: [    0.000000] Inode-cache hash table entries: 65536 (order: 6, 262144 bytes)
Sep  9 12:58:19 ubuntu kernel: [    0.000000] Initializing CPU#0
Sep  9 12:58:19 ubuntu kernel: [    0.000000] xsave: enabled xstate_bv 0x7, cntxt size 0x340
Sep  9 12:58:19 ubuntu kernel: [    0.000000] allocated 10485752 bytes of page_cgroup
Sep  9 12:58:19 ubuntu kernel: [    0.000000] please try 'cgroup_disable=memory' option if you don't want memory cgroups
Sep  9 12:58:19 ubuntu kernel: [    0.000000] Initializing HighMem for node 0 (00037bfe:00140000)
Sep  9 12:58:19 ubuntu kernel: [    0.000000] Memory: 4111064K/4193780K available (6528K kernel code, 639K rwdata, 2760K rodata, 872K init, 924K bss, 82716K reserved, 3280776K highmem)
Sep  9 12:58:19 ubuntu kernel: [    0.000000] virtual kernel memory layout:
Sep  9 12:58:19 ubuntu kernel: [    0.000000]     fixmap  : 0xfff14000 - 0xfffff000   ( 940 kB)
Sep  9 12:58:19 ubuntu kernel: [    0.000000]     pkmap   : 0xffc00000 - 0xffe00000   (2048 kB)
Sep  9 12:58:19 ubuntu kernel: [    0.000000]     vmalloc : 0xf83fe000 - 0xffbfe000   ( 120 MB)
Sep  9 12:58:19 ubuntu kernel: [    0.000000]     lowmem  : 0xc0000000 - 0xf7bfe000   ( 891 MB)
Sep  9 12:58:19 ubuntu kernel: [    0.000000]       .init : 0xc19b4000 - 0xc1a8e000   ( 872 kB)
Sep  9 12:58:19 ubuntu kernel: [    0.000000]       .data : 0xc1660532 - 0xc19b3e80   (3406 kB)
Sep  9 12:58:19 ubuntu kernel: [    0.000000]       .text : 0xc1000000 - 0xc1660532   (6529 kB)
Sep  9 12:58:19 ubuntu kernel: [    0.000000] Checking if this processor honours the WP bit even in supervisor mode...Ok.
Sep  9 12:58:19 ubuntu kernel: [    0.000000] SLUB: HWalign=64, Order=0-3, MinObjects=0, CPUs=8, Nodes=1
Sep  9 12:58:19 ubuntu kernel: [    0.000000] Hierarchical RCU implementation.
Sep  9 12:58:19 ubuntu kernel: [    0.000000] 	RCU dyntick-idle grace-period acceleration is enabled.
Sep  9 12:58:19 ubuntu kernel: [    0.000000] NR_IRQS:2304 nr_irqs:744 16
Sep  9 12:58:19 ubuntu kernel: [    0.000000] CPU 0 irqstacks, hard=f300a000 soft=f300c000
Sep  9 12:58:19 ubuntu kernel: [    0.000000] Console: colour VGA+ 80x25
Sep  9 12:58:19 ubuntu kernel: [    0.000000] console [tty0] enabled
Sep  9 12:58:19 ubuntu kernel: [    0.000000] hpet clockevent registered
Sep  9 12:58:19 ubuntu kernel: [    0.000000] TSC freq read from hypervisor : 3510.311 MHz
Sep  9 12:58:19 ubuntu kernel: [    0.000000] tsc: Detected 3510.311 MHz processor
Sep  9 12:58:19 ubuntu kernel: [    0.000001] Calibrating delay loop (skipped) preset value.. 7020.62 BogoMIPS (lpj=14041244)
Sep  9 12:58:19 ubuntu kernel: [    0.000003] pid_max: default: 32768 minimum: 301
Sep  9 12:58:19 ubuntu kernel: [    0.000024] Security Framework initialized
Sep  9 12:58:19 ubuntu kernel: [    0.000046] AppArmor: AppArmor initialized
Sep  9 12:58:19 ubuntu kernel: [    0.000047] Yama: becoming mindful.
Sep  9 12:58:19 ubuntu kernel: [    0.000072] Mount-cache hash table entries: 2048 (order: 1, 8192 bytes)
Sep  9 12:58:19 ubuntu kernel: [    0.000074] Mountpoint-cache hash table entries: 2048 (order: 1, 8192 bytes)
Sep  9 12:58:19 ubuntu kernel: [    0.000213] Initializing cgroup subsys memory
Sep  9 12:58:19 ubuntu kernel: [    0.000216] Initializing cgroup subsys devices
Sep  9 12:58:19 ubuntu kernel: [    0.000218] Initializing cgroup subsys freezer
Sep  9 12:58:19 ubuntu kernel: [    0.000219] Initializing cgroup subsys blkio
Sep  9 12:58:19 ubuntu kernel: [    0.000220] Initializing cgroup subsys perf_event
Sep  9 12:58:19 ubuntu kernel: [    0.000221] Initializing cgroup subsys hugetlb
Sep  9 12:58:19 ubuntu kernel: [    0.000261] Disabled fast string operations
Sep  9 12:58:19 ubuntu kernel: [    0.000263] CPU: Physical Processor ID: 0
Sep  9 12:58:19 ubuntu kernel: [    0.000271] ENERGY_PERF_BIAS: Set to 'normal', was 'performance'
Sep  9 12:58:19 ubuntu kernel: [    0.000271] ENERGY_PERF_BIAS: View and update with x86_energy_perf_policy(8)
Sep  9 12:58:19 ubuntu kernel: [    0.000794] mce: CPU supports 0 MCE banks
Sep  9 12:58:19 ubuntu kernel: [    0.000815] Last level iTLB entries: 4KB 512, 2MB 0, 4MB 0
Sep  9 12:58:19 ubuntu kernel: [    0.000815] Last level dTLB entries: 4KB 512, 2MB 32, 4MB 32
Sep  9 12:58:19 ubuntu kernel: [    0.000815] tlb_flushall_shift: 2
Sep  9 12:58:19 ubuntu kernel: [    0.001557] Freeing SMP alternatives memory: 32K (c1a8e000 - c1a96000)
Sep  9 12:58:19 ubuntu kernel: [    0.003748] ACPI: Core revision 20131115
Sep  9 12:58:19 ubuntu kernel: [    0.010193] ACPI: All ACPI Tables successfully acquired
Sep  9 12:58:19 ubuntu kernel: [    0.011742] ftrace: allocating 27783 entries in 55 pages
Sep  9 12:58:19 ubuntu kernel: [    0.031856] Enabling APIC mode:  Flat.  Using 1 I/O APICs
Sep  9 12:58:19 ubuntu kernel: [    0.032207] ..TIMER: vector=0x30 apic1=0 pin1=2 apic2=-1 pin2=-1
Sep  9 12:58:19 ubuntu kernel: [    0.071933] smpboot: CPU0: Intel(R) Core(TM) i7-3770K CPU @ 3.50GHz (fam: 06, model: 3a, stepping: 09)
Sep  9 12:58:19 ubuntu kernel: [    0.071949] TSC deadline timer enabled
Sep  9 12:58:19 ubuntu kernel: [    0.071964] Performance Events: 16-deep LBR, IvyBridge events, core PMU driver.
Sep  9 12:58:19 ubuntu kernel: [    0.071974] perf_event_intel: CPUID marked event: 'cpu cycles' unavailable
Sep  9 12:58:19 ubuntu kernel: [    0.071974] perf_event_intel: CPUID marked event: 'instructions' unavailable
Sep  9 12:58:19 ubuntu kernel: [    0.071975] perf_event_intel: CPUID marked event: 'bus cycles' unavailable
Sep  9 12:58:19 ubuntu kernel: [    0.071976] perf_event_intel: CPUID marked event: 'cache references' unavailable
Sep  9 12:58:19 ubuntu kernel: [    0.071976] perf_event_intel: CPUID marked event: 'cache misses' unavailable
Sep  9 12:58:19 ubuntu kernel: [    0.071977] perf_event_intel: CPUID marked event: 'branch instructions' unavailable
Sep  9 12:58:19 ubuntu kernel: [    0.071978] perf_event_intel: CPUID marked event: 'branch misses' unavailable
Sep  9 12:58:19 ubuntu kernel: [    0.071980] ... version:                1
Sep  9 12:58:19 ubuntu kernel: [    0.071981] ... bit width:              48
Sep  9 12:58:19 ubuntu kernel: [    0.071981] ... generic registers:      4
Sep  9 12:58:19 ubuntu kernel: [    0.071982] ... value mask:             0000ffffffffffff
Sep  9 12:58:19 ubuntu kernel: [    0.071983] ... max period:             000000007fffffff
Sep  9 12:58:19 ubuntu kernel: [    0.071983] ... fixed-purpose events:   0
Sep  9 12:58:19 ubuntu kernel: [    0.071984] ... event mask:             000000000000000f
Sep  9 12:58:19 ubuntu kernel: [    0.073000] NMI watchdog: disabled (cpu0): hardware events not enabled
Sep  9 12:58:19 ubuntu kernel: [    0.073065] CPU 1 irqstacks, hard=f315e000 soft=f3168000
Sep  9 12:58:19 ubuntu kernel: [    0.073066] x86: Booting SMP configuration:
Sep  9 12:58:19 ubuntu kernel: [    0.083221] Initializing CPU#1
Sep  9 12:58:19 ubuntu kernel: [    0.084148] Disabled fast string operations
Sep  9 12:58:19 ubuntu kernel: [    0.084642] mce: CPU supports 0 MCE banks
Sep  9 12:58:19 ubuntu kernel: [    0.073067] .... node  #0, CPUs:      #1
Sep  9 12:58:19 ubuntu kernel: [    0.084828] CPU 2 irqstacks, hard=f3188000 soft=f318a000
Sep  9 12:58:19 ubuntu kernel: [    0.094956] Initializing CPU#2
Sep  9 12:58:19 ubuntu kernel: [    0.095875] Disabled fast string operations
Sep  9 12:58:19 ubuntu kernel: [    0.096394] mce: CPU supports 0 MCE banks
Sep  9 12:58:19 ubuntu kernel: [    0.084831]  #2
Sep  9 12:58:19 ubuntu kernel: [    0.096531] CPU 3 irqstacks, hard=f31a6000 soft=f31a8000
Sep  9 12:58:19 ubuntu kernel: [    0.106717] Initializing CPU#3
Sep  9 12:58:19 ubuntu kernel: [    0.107576] Disabled fast string operations
Sep  9 12:58:19 ubuntu kernel: [    0.108070] mce: CPU supports 0 MCE banks
Sep  9 12:58:19 ubuntu kernel: [    0.096533]  #3
Sep  9 12:58:19 ubuntu kernel: [    0.108155] x86: Booted up 1 node, 4 CPUs
Sep  9 12:58:19 ubuntu kernel: [    0.108157] smpboot: Total of 4 processors activated (28082.48 BogoMIPS)
Sep  9 12:58:19 ubuntu kernel: [    0.108908] devtmpfs: initialized
Sep  9 12:58:19 ubuntu kernel: [    0.109042] EVM: security.selinux
Sep  9 12:58:19 ubuntu kernel: [    0.109043] EVM: security.SMACK64
Sep  9 12:58:19 ubuntu kernel: [    0.109044] EVM: security.ima
Sep  9 12:58:19 ubuntu kernel: [    0.109045] EVM: security.capability
Sep  9 12:58:19 ubuntu kernel: [    0.109254] PM: Registering ACPI NVS region [mem 0xbfeff000-0xbfefffff] (4096 bytes)
Sep  9 12:58:19 ubuntu kernel: [    0.109840] pinctrl core: initialized pinctrl subsystem
Sep  9 12:58:19 ubuntu kernel: [    0.109881] regulator-dummy: no parameters
Sep  9 12:58:19 ubuntu kernel: [    0.109935] RTC time: 19:58:08, date: 09/09/15
Sep  9 12:58:19 ubuntu kernel: [    0.109963] NET: Registered protocol family 16
Sep  9 12:58:19 ubuntu kernel: [    0.110060] EISA bus registered
Sep  9 12:58:19 ubuntu kernel: [    0.110061] cpuidle: using governor ladder
Sep  9 12:58:19 ubuntu kernel: [    0.110062] cpuidle: using governor menu
Sep  9 12:58:19 ubuntu kernel: [    0.110122] ACPI: bus type PCI registered
Sep  9 12:58:19 ubuntu kernel: [    0.110124] acpiphp: ACPI Hot Plug PCI Controller Driver version: 0.5
Sep  9 12:58:19 ubuntu kernel: [    0.110263] PCI: MMCONFIG for domain 0000 [bus 00-7f] at [mem 0xf0000000-0xf7ffffff] (base 0xf0000000)
Sep  9 12:58:19 ubuntu kernel: [    0.110265] PCI: MMCONFIG at [mem 0xf0000000-0xf7ffffff] reserved in E820
Sep  9 12:58:19 ubuntu kernel: [    0.110266] PCI: Using MMCONFIG for extended config space
Sep  9 12:58:19 ubuntu kernel: [    0.110266] PCI: Using configuration type 1 for base access
Sep  9 12:58:19 ubuntu kernel: [    0.111139] bio: create slab <bio-0> at 0
Sep  9 12:58:19 ubuntu kernel: [    0.111565] ACPI: Added _OSI(Module Device)
Sep  9 12:58:19 ubuntu kernel: [    0.111566] ACPI: Added _OSI(Processor Device)
Sep  9 12:58:19 ubuntu kernel: [    0.111567] ACPI: Added _OSI(3.0 _SCP Extensions)
Sep  9 12:58:19 ubuntu kernel: [    0.111568] ACPI: Added _OSI(Processor Aggregator Device)
Sep  9 12:58:19 ubuntu kernel: [    0.119515] [Firmware Bug]: ACPI: BIOS _OSI(Linux) query ignored
Sep  9 12:58:19 ubuntu kernel: [    1.922275] ACPI: Interpreter enabled
Sep  9 12:58:19 ubuntu kernel: [    1.922287] ACPI Exception: AE_NOT_FOUND, While evaluating Sleep State [\_S2_] (20131115/hwxface-580)
Sep  9 12:58:19 ubuntu kernel: [    1.922289] ACPI Exception: AE_NOT_FOUND, While evaluating Sleep State [\_S3_] (20131115/hwxface-580)
Sep  9 12:58:19 ubuntu kernel: [    1.922295] ACPI: (supports S0 S1 S4 S5)
Sep  9 12:58:19 ubuntu kernel: [    1.922296] ACPI: Using IOAPIC for interrupt routing
Sep  9 12:58:19 ubuntu kernel: [    1.922318] PCI: Using host bridge windows from ACPI; if necessary, use "pci=nocrs" and report a bug
Sep  9 12:58:19 ubuntu kernel: [    1.935089] ACPI: No dock devices found.
Sep  9 12:58:19 ubuntu kernel: [    4.021076] ACPI: PCI Root Bridge [PCI0] (domain 0000 [bus 00-7f])
Sep  9 12:58:19 ubuntu kernel: [    4.021082] acpi PNP0A03:00: _OSC: OS supports [ExtendedConfig ASPM ClockPM Segments MSI]
Sep  9 12:58:19 ubuntu kernel: [    4.021215] acpi PNP0A03:00: _OSC: platform does not support [AER]
Sep  9 12:58:19 ubuntu kernel: [    4.021346] acpi PNP0A03:00: _OSC: OS now controls [PCIeHotplug PME PCIeCapability]
Sep  9 12:58:19 ubuntu kernel: [    4.023098] PCI host bridge to bus 0000:00
Sep  9 12:58:19 ubuntu kernel: [    4.023101] pci_bus 0000:00: root bus resource [bus 00-7f]
Sep  9 12:58:19 ubuntu kernel: [    4.023102] pci_bus 0000:00: root bus resource [mem 0x000a0000-0x000bffff]
Sep  9 12:58:19 ubuntu kernel: [    4.023103] pci_bus 0000:00: root bus resource [mem 0x000d0000-0x000d3fff]
Sep  9 12:58:19 ubuntu kernel: [    4.023104] pci_bus 0000:00: root bus resource [mem 0x000d4000-0x000d7fff]
Sep  9 12:58:19 ubuntu kernel: [    4.023105] pci_bus 0000:00: root bus resource [mem 0x000d8000-0x000dbfff]
Sep  9 12:58:19 ubuntu kernel: [    4.023106] pci_bus 0000:00: root bus resource [mem 0xc0000000-0xfebfffff]
Sep  9 12:58:19 ubuntu kernel: [    4.023107] pci_bus 0000:00: root bus resource [io  0x0000-0x0cf7]
Sep  9 12:58:19 ubuntu kernel: [    4.023109] pci_bus 0000:00: root bus resource [io  0x0d00-0xfeff]
Sep  9 12:58:19 ubuntu kernel: [    4.023155] pci 0000:00:00.0: [8086:7190] type 00 class 0x060000
Sep  9 12:58:19 ubuntu kernel: [    4.023567] pci 0000:00:01.0: [8086:7191] type 01 class 0x060400
Sep  9 12:58:19 ubuntu kernel: [    4.023920] pci 0000:00:07.0: [8086:7110] type 00 class 0x060100
Sep  9 12:58:19 ubuntu kernel: [    4.024441] pci 0000:00:07.1: [8086:7111] type 00 class 0x01018a
Sep  9 12:58:19 ubuntu kernel: [    4.026407] pci 0000:00:07.1: reg 0x20: [io  0x1060-0x106f]
Sep  9 12:58:19 ubuntu kernel: [    4.027147] pci 0000:00:07.3: [8086:7113] type 00 class 0x068000
Sep  9 12:58:19 ubuntu kernel: [    4.028744] pci 0000:00:07.3: quirk: [io  0x1000-0x103f] claimed by PIIX4 ACPI
Sep  9 12:58:19 ubuntu kernel: [    4.028754] pci 0000:00:07.3: quirk: [io  0x1040-0x104f] claimed by PIIX4 SMB
Sep  9 12:58:19 ubuntu kernel: [    4.029006] pci 0000:00:07.7: [15ad:0740] type 00 class 0x088000
Sep  9 12:58:19 ubuntu kernel: [    4.029645] pci 0000:00:07.7: reg 0x10: [io  0x1080-0x10bf]
Sep  9 12:58:19 ubuntu kernel: [    4.030224] pci 0000:00:07.7: reg 0x14: [mem 0xfebfe000-0xfebfffff 64bit]
Sep  9 12:58:19 ubuntu kernel: [    4.032907] pci 0000:00:0f.0: [15ad:0405] type 00 class 0x030000
Sep  9 12:58:19 ubuntu kernel: [    4.041870] pci 0000:00:0f.0: reg 0x10: [io  0x1070-0x107f]
Sep  9 12:58:19 ubuntu kernel: [    4.050724] pci 0000:00:0f.0: reg 0x14: [mem 0xe8000000-0xefffffff pref]
Sep  9 12:58:19 ubuntu kernel: [    4.059142] pci 0000:00:0f.0: reg 0x18: [mem 0xfe000000-0xfe7fffff]
Sep  9 12:58:19 ubuntu kernel: [    4.093208] pci 0000:00:0f.0: reg 0x30: [mem 0x00000000-0x00007fff pref]
Sep  9 12:58:19 ubuntu kernel: [    4.093611] pci 0000:00:10.0: [1000:0030] type 00 class 0x010000
Sep  9 12:58:19 ubuntu kernel: [    4.094700] pci 0000:00:10.0: reg 0x10: [io  0x1400-0x14ff]
Sep  9 12:58:19 ubuntu kernel: [    4.095601] pci 0000:00:10.0: reg 0x14: [mem 0xfeba0000-0xfebbffff 64bit]
Sep  9 12:58:19 ubuntu kernel: [    4.096506] pci 0000:00:10.0: reg 0x1c: [mem 0xfebc0000-0xfebdffff 64bit]
Sep  9 12:58:19 ubuntu kernel: [    4.098247] pci 0000:00:10.0: reg 0x30: [mem 0x00000000-0x00003fff pref]
Sep  9 12:58:19 ubuntu kernel: [    4.098567] pci 0000:00:11.0: [15ad:0790] type 01 class 0x060401
Sep  9 12:58:19 ubuntu kernel: [    4.099026] pci 0000:00:11.0: System wakeup disabled by ACPI
Sep  9 12:58:19 ubuntu kernel: [    4.099153] pci 0000:00:15.0: [15ad:07a0] type 01 class 0x060400
Sep  9 12:58:19 ubuntu kernel: [    4.099685] pci 0000:00:15.0: PME# supported from D0 D3hot D3cold
Sep  9 12:58:19 ubuntu kernel: [    4.099841] pci 0000:00:15.0: System wakeup disabled by ACPI
Sep  9 12:58:19 ubuntu kernel: [    4.099947] pci 0000:00:15.1: [15ad:07a0] type 01 class 0x060400
Sep  9 12:58:19 ubuntu kernel: [    4.100477] pci 0000:00:15.1: PME# supported from D0 D3hot D3cold
Sep  9 12:58:19 ubuntu kernel: [    4.100643] pci 0000:00:15.1: System wakeup disabled by ACPI
Sep  9 12:58:19 ubuntu kernel: [    4.100748] pci 0000:00:15.2: [15ad:07a0] type 01 class 0x060400
Sep  9 12:58:19 ubuntu kernel: [    4.101278] pci 0000:00:15.2: PME# supported from D0 D3hot D3cold
Sep  9 12:58:19 ubuntu kernel: [    4.101433] pci 0000:00:15.2: System wakeup disabled by ACPI
Sep  9 12:58:19 ubuntu kernel: [    4.101543] pci 0000:00:15.3: [15ad:07a0] type 01 class 0x060400
Sep  9 12:58:19 ubuntu kernel: [    4.102066] pci 0000:00:15.3: PME# supported from D0 D3hot D3cold
Sep  9 12:58:19 ubuntu kernel: [    4.102221] pci 0000:00:15.3: System wakeup disabled by ACPI
Sep  9 12:58:19 ubuntu kernel: [    4.102326] pci 0000:00:15.4: [15ad:07a0] type 01 class 0x060400
Sep  9 12:58:19 ubuntu kernel: [    4.102848] pci 0000:00:15.4: PME# supported from D0 D3hot D3cold
Sep  9 12:58:19 ubuntu kernel: [    4.103002] pci 0000:00:15.4: System wakeup disabled by ACPI
Sep  9 12:58:19 ubuntu kernel: [    4.103102] pci 0000:00:15.5: [15ad:07a0] type 01 class 0x060400
Sep  9 12:58:19 ubuntu kernel: [    4.103599] pci 0000:00:15.5: PME# supported from D0 D3hot D3cold
Sep  9 12:58:19 ubuntu kernel: [    4.103749] pci 0000:00:15.5: System wakeup disabled by ACPI
Sep  9 12:58:19 ubuntu kernel: [    4.103846] pci 0000:00:15.6: [15ad:07a0] type 01 class 0x060400
Sep  9 12:58:19 ubuntu kernel: [    4.104366] pci 0000:00:15.6: PME# supported from D0 D3hot D3cold
Sep  9 12:58:19 ubuntu kernel: [    4.104512] pci 0000:00:15.6: System wakeup disabled by ACPI
Sep  9 12:58:19 ubuntu kernel: [    4.104618] pci 0000:00:15.7: [15ad:07a0] type 01 class 0x060400
Sep  9 12:58:19 ubuntu kernel: [    4.105118] pci 0000:00:15.7: PME# supported from D0 D3hot D3cold
Sep  9 12:58:19 ubuntu kernel: [    4.105264] pci 0000:00:15.7: System wakeup disabled by ACPI
Sep  9 12:58:19 ubuntu kernel: [    4.105364] pci 0000:00:16.0: [15ad:07a0] type 01 class 0x060400
Sep  9 12:58:19 ubuntu kernel: [    4.105890] pci 0000:00:16.0: PME# supported from D0 D3hot D3cold
Sep  9 12:58:19 ubuntu kernel: [    4.106041] pci 0000:00:16.0: System wakeup disabled by ACPI
Sep  9 12:58:19 ubuntu kernel: [    4.106141] pci 0000:00:16.1: [15ad:07a0] type 01 class 0x060400
Sep  9 12:58:19 ubuntu kernel: [    4.106637] pci 0000:00:16.1: PME# supported from D0 D3hot D3cold
Sep  9 12:58:19 ubuntu kernel: [    4.106790] pci 0000:00:16.1: System wakeup disabled by ACPI
Sep  9 12:58:19 ubuntu kernel: [    4.106890] pci 0000:00:16.2: [15ad:07a0] type 01 class 0x060400
Sep  9 12:58:19 ubuntu kernel: [    4.107387] pci 0000:00:16.2: PME# supported from D0 D3hot D3cold
Sep  9 12:58:19 ubuntu kernel: [    4.107533] pci 0000:00:16.2: System wakeup disabled by ACPI
Sep  9 12:58:19 ubuntu kernel: [    4.107632] pci 0000:00:16.3: [15ad:07a0] type 01 class 0x060400
Sep  9 12:58:19 ubuntu kernel: [    4.108133] pci 0000:00:16.3: PME# supported from D0 D3hot D3cold
Sep  9 12:58:19 ubuntu kernel: [    4.108279] pci 0000:00:16.3: System wakeup disabled by ACPI
Sep  9 12:58:19 ubuntu kernel: [    4.108375] pci 0000:00:16.4: [15ad:07a0] type 01 class 0x060400
Sep  9 12:58:19 ubuntu kernel: [    4.108878] pci 0000:00:16.4: PME# supported from D0 D3hot D3cold
Sep  9 12:58:19 ubuntu kernel: [    4.109025] pci 0000:00:16.4: System wakeup disabled by ACPI
Sep  9 12:58:19 ubuntu kernel: [    4.109124] pci 0000:00:16.5: [15ad:07a0] type 01 class 0x060400
Sep  9 12:58:19 ubuntu kernel: [    4.109643] pci 0000:00:16.5: PME# supported from D0 D3hot D3cold
Sep  9 12:58:19 ubuntu kernel: [    4.109789] pci 0000:00:16.5: System wakeup disabled by ACPI
Sep  9 12:58:19 ubuntu kernel: [    4.109889] pci 0000:00:16.6: [15ad:07a0] type 01 class 0x060400
Sep  9 12:58:19 ubuntu kernel: [    4.110384] pci 0000:00:16.6: PME# supported from D0 D3hot D3cold
Sep  9 12:58:19 ubuntu kernel: [    4.110579] pci 0000:00:16.6: System wakeup disabled by ACPI
Sep  9 12:58:19 ubuntu kernel: [    4.110678] pci 0000:00:16.7: [15ad:07a0] type 01 class 0x060400
Sep  9 12:58:19 ubuntu kernel: [    4.111175] pci 0000:00:16.7: PME# supported from D0 D3hot D3cold
Sep  9 12:58:19 ubuntu kernel: [    4.111321] pci 0000:00:16.7: System wakeup disabled by ACPI
Sep  9 12:58:19 ubuntu kernel: [    4.111421] pci 0000:00:17.0: [15ad:07a0] type 01 class 0x060400
Sep  9 12:58:19 ubuntu kernel: [    4.111950] pci 0000:00:17.0: PME# supported from D0 D3hot D3cold
Sep  9 12:58:19 ubuntu kernel: [    4.112096] pci 0000:00:17.0: System wakeup disabled by ACPI
Sep  9 12:58:19 ubuntu kernel: [    4.112196] pci 0000:00:17.1: [15ad:07a0] type 01 class 0x060400
Sep  9 12:58:19 ubuntu kernel: [    4.112751] pci 0000:00:17.1: PME# supported from D0 D3hot D3cold
Sep  9 12:58:19 ubuntu kernel: [    4.112898] pci 0000:00:17.1: System wakeup disabled by ACPI
Sep  9 12:58:19 ubuntu kernel: [    4.112995] pci 0000:00:17.2: [15ad:07a0] type 01 class 0x060400
Sep  9 12:58:19 ubuntu kernel: [    4.113509] pci 0000:00:17.2: PME# supported from D0 D3hot D3cold
Sep  9 12:58:19 ubuntu kernel: [    4.113656] pci 0000:00:17.2: System wakeup disabled by ACPI
Sep  9 12:58:19 ubuntu kernel: [    4.113762] pci 0000:00:17.3: [15ad:07a0] type 01 class 0x060400
Sep  9 12:58:19 ubuntu kernel: [    4.114276] pci 0000:00:17.3: PME# supported from D0 D3hot D3cold
Sep  9 12:58:19 ubuntu kernel: [    4.114423] pci 0000:00:17.3: System wakeup disabled by ACPI
Sep  9 12:58:19 ubuntu kernel: [    4.114522] pci 0000:00:17.4: [15ad:07a0] type 01 class 0x060400
Sep  9 12:58:19 ubuntu kernel: [    4.115019] pci 0000:00:17.4: PME# supported from D0 D3hot D3cold
Sep  9 12:58:19 ubuntu kernel: [    4.115165] pci 0000:00:17.4: System wakeup disabled by ACPI
Sep  9 12:58:19 ubuntu kernel: [    4.115305] pci 0000:00:17.5: [15ad:07a0] type 01 class 0x060400
Sep  9 12:58:19 ubuntu kernel: [    4.115828] pci 0000:00:17.5: PME# supported from D0 D3hot D3cold
Sep  9 12:58:19 ubuntu kernel: [    4.115978] pci 0000:00:17.5: System wakeup disabled by ACPI
Sep  9 12:58:19 ubuntu kernel: [    4.116081] pci 0000:00:17.6: [15ad:07a0] type 01 class 0x060400
Sep  9 12:58:19 ubuntu kernel: [    4.116602] pci 0000:00:17.6: PME# supported from D0 D3hot D3cold
Sep  9 12:58:19 ubuntu kernel: [    4.116753] pci 0000:00:17.6: System wakeup disabled by ACPI
Sep  9 12:58:19 ubuntu kernel: [    4.116856] pci 0000:00:17.7: [15ad:07a0] type 01 class 0x060400
Sep  9 12:58:19 ubuntu kernel: [    4.117370] pci 0000:00:17.7: PME# supported from D0 D3hot D3cold
Sep  9 12:58:19 ubuntu kernel: [    4.117520] pci 0000:00:17.7: System wakeup disabled by ACPI
Sep  9 12:58:19 ubuntu kernel: [    4.117620] pci 0000:00:18.0: [15ad:07a0] type 01 class 0x060400
Sep  9 12:58:19 ubuntu kernel: [    4.118130] pci 0000:00:18.0: PME# supported from D0 D3hot D3cold
Sep  9 12:58:19 ubuntu kernel: [    4.118280] pci 0000:00:18.0: System wakeup disabled by ACPI
Sep  9 12:58:19 ubuntu kernel: [    4.118383] pci 0000:00:18.1: [15ad:07a0] type 01 class 0x060400
Sep  9 12:58:19 ubuntu kernel: [    4.118893] pci 0000:00:18.1: PME# supported from D0 D3hot D3cold
Sep  9 12:58:19 ubuntu kernel: [    4.119048] pci 0000:00:18.1: System wakeup disabled by ACPI
Sep  9 12:58:19 ubuntu kernel: [    4.119151] pci 0000:00:18.2: [15ad:07a0] type 01 class 0x060400
Sep  9 12:58:19 ubuntu kernel: [    4.119659] pci 0000:00:18.2: PME# supported from D0 D3hot D3cold
Sep  9 12:58:19 ubuntu kernel: [    4.119805] pci 0000:00:18.2: System wakeup disabled by ACPI
Sep  9 12:58:19 ubuntu kernel: [    4.119927] pci 0000:00:18.3: [15ad:07a0] type 01 class 0x060400
Sep  9 12:58:19 ubuntu kernel: [    4.120441] pci 0000:00:18.3: PME# supported from D0 D3hot D3cold
Sep  9 12:58:19 ubuntu kernel: [    4.120587] pci 0000:00:18.3: System wakeup disabled by ACPI
Sep  9 12:58:19 ubuntu kernel: [    4.120693] pci 0000:00:18.4: [15ad:07a0] type 01 class 0x060400
Sep  9 12:58:19 ubuntu kernel: [    4.121212] pci 0000:00:18.4: PME# supported from D0 D3hot D3cold
Sep  9 12:58:19 ubuntu kernel: [    4.121359] pci 0000:00:18.4: System wakeup disabled by ACPI
Sep  9 12:58:19 ubuntu kernel: [    4.121460] pci 0000:00:18.5: [15ad:07a0] type 01 class 0x060400
Sep  9 12:58:19 ubuntu kernel: [    4.121975] pci 0000:00:18.5: PME# supported from D0 D3hot D3cold
Sep  9 12:58:19 ubuntu kernel: [    4.122121] pci 0000:00:18.5: System wakeup disabled by ACPI
Sep  9 12:58:19 ubuntu kernel: [    4.122218] pci 0000:00:18.6: [15ad:07a0] type 01 class 0x060400
Sep  9 12:58:19 ubuntu kernel: [    4.122719] pci 0000:00:18.6: PME# supported from D0 D3hot D3cold
Sep  9 12:58:19 ubuntu kernel: [    4.122865] pci 0000:00:18.6: System wakeup disabled by ACPI
Sep  9 12:58:19 ubuntu kernel: [    4.122966] pci 0000:00:18.7: [15ad:07a0] type 01 class 0x060400
Sep  9 12:58:19 ubuntu kernel: [    4.123462] pci 0000:00:18.7: PME# supported from D0 D3hot D3cold
Sep  9 12:58:19 ubuntu kernel: [    4.123609] pci 0000:00:18.7: System wakeup disabled by ACPI
Sep  9 12:58:19 ubuntu kernel: [    4.123957] pci 0000:00:01.0: PCI bridge to [bus 01]
Sep  9 12:58:19 ubuntu kernel: [    4.124231] acpiphp: Slot [32] registered
Sep  9 12:58:19 ubuntu kernel: [    4.124249] acpiphp: Slot [33] registered
Sep  9 12:58:19 ubuntu kernel: [    4.124264] acpiphp: Slot [34] registered
Sep  9 12:58:19 ubuntu kernel: [    4.124280] acpiphp: Slot [35] registered
Sep  9 12:58:19 ubuntu kernel: [    4.124295] acpiphp: Slot [36] registered
Sep  9 12:58:19 ubuntu kernel: [    4.124313] acpiphp: Slot [37] registered
Sep  9 12:58:19 ubuntu kernel: [    4.124329] acpiphp: Slot [38] registered
Sep  9 12:58:19 ubuntu kernel: [    4.124344] acpiphp: Slot [39] registered
Sep  9 12:58:19 ubuntu kernel: [    4.124359] acpiphp: Slot [40] registered
Sep  9 12:58:19 ubuntu kernel: [    4.124373] acpiphp: Slot [41] registered
Sep  9 12:58:19 ubuntu kernel: [    4.124388] acpiphp: Slot [42] registered
Sep  9 12:58:19 ubuntu kernel: [    4.124403] acpiphp: Slot [43] registered
Sep  9 12:58:19 ubuntu kernel: [    4.124418] acpiphp: Slot [44] registered
Sep  9 12:58:19 ubuntu kernel: [    4.124433] acpiphp: Slot [45] registered
Sep  9 12:58:19 ubuntu kernel: [    4.124450] acpiphp: Slot [46] registered
Sep  9 12:58:19 ubuntu kernel: [    4.124466] acpiphp: Slot [47] registered
Sep  9 12:58:19 ubuntu kernel: [    4.124480] acpiphp: Slot [48] registered
Sep  9 12:58:19 ubuntu kernel: [    4.124495] acpiphp: Slot [49] registered
Sep  9 12:58:19 ubuntu kernel: [    4.124510] acpiphp: Slot [50] registered
Sep  9 12:58:19 ubuntu kernel: [    4.124525] acpiphp: Slot [51] registered
Sep  9 12:58:19 ubuntu kernel: [    4.124540] acpiphp: Slot [52] registered
Sep  9 12:58:19 ubuntu kernel: [    4.124555] acpiphp: Slot [53] registered
Sep  9 12:58:19 ubuntu kernel: [    4.124588] acpiphp: Slot [54] registered
Sep  9 12:58:19 ubuntu kernel: [    4.124607] acpiphp: Slot [55] registered
Sep  9 12:58:19 ubuntu kernel: [    4.124638] acpiphp: Slot [56] registered
Sep  9 12:58:19 ubuntu kernel: [    4.124662] acpiphp: Slot [57] registered
Sep  9 12:58:19 ubuntu kernel: [    4.124677] acpiphp: Slot [58] registered
Sep  9 12:58:19 ubuntu kernel: [    4.124692] acpiphp: Slot [59] registered
Sep  9 12:58:19 ubuntu kernel: [    4.124707] acpiphp: Slot [60] registered
Sep  9 12:58:19 ubuntu kernel: [    4.124722] acpiphp: Slot [61] registered
Sep  9 12:58:19 ubuntu kernel: [    4.124737] acpiphp: Slot [62] registered
Sep  9 12:58:19 ubuntu kernel: [    4.124752] acpiphp: Slot [63] registered
Sep  9 12:58:19 ubuntu kernel: [    4.124812] pci 0000:02:00.0: [15ad:0774] type 00 class 0x0c0300
Sep  9 12:58:19 ubuntu kernel: [    4.126437] pci 0000:02:00.0: reg 0x20: [io  0x20c0-0x20df]
Sep  9 12:58:19 ubuntu kernel: [    4.127124] pci 0000:02:00.0: System wakeup disabled by ACPI
Sep  9 12:58:19 ubuntu kernel: [    4.127174] pci 0000:02:01.0: [1022:2000] type 00 class 0x020000
Sep  9 12:58:19 ubuntu kernel: [    4.127441] pci 0000:02:01.0: reg 0x10: [io  0x2000-0x207f]
Sep  9 12:58:19 ubuntu kernel: [    4.128846] pci 0000:02:01.0: reg 0x30: [mem 0x00000000-0x0000ffff pref]
Sep  9 12:58:19 ubuntu kernel: [    4.128937] pci 0000:02:01.0: System wakeup disabled by ACPI
Sep  9 12:58:19 ubuntu kernel: [    4.129008] pci 0000:02:02.0: [1274:1371] type 00 class 0x040100
Sep  9 12:58:19 ubuntu kernel: [    4.129314] pci 0000:02:02.0: reg 0x10: [io  0x2080-0x20bf]
Sep  9 12:58:19 ubuntu kernel: [    4.131091] pci 0000:02:02.0: System wakeup disabled by ACPI
Sep  9 12:58:19 ubuntu kernel: [    4.131171] pci 0000:02:03.0: [15ad:0770] type 00 class 0x0c0320
Sep  9 12:58:19 ubuntu kernel: [    4.131624] pci 0000:02:03.0: reg 0x10: [mem 0xfd5ff000-0xfd5fffff]
Sep  9 12:58:19 ubuntu kernel: [    4.134249] pci 0000:02:03.0: System wakeup disabled by ACPI
Sep  9 12:58:19 ubuntu kernel: [    4.134372] pci 0000:02:05.0: [15ad:07e0] type 00 class 0x010601
Sep  9 12:58:19 ubuntu kernel: [    4.136815] pci 0000:02:05.0: reg 0x24: [mem 0xfd5fe000-0xfd5fefff]
Sep  9 12:58:19 ubuntu kernel: [    4.137205] pci 0000:02:05.0: reg 0x30: [mem 0x00000000-0x0000ffff pref]
Sep  9 12:58:19 ubuntu kernel: [    4.137513] pci 0000:02:05.0: PME# supported from D3hot
Sep  9 12:58:19 ubuntu kernel: [    4.137629] pci 0000:02:05.0: System wakeup disabled by ACPI
Sep  9 12:58:19 ubuntu kernel: [    4.137849] pci 0000:00:11.0: PCI bridge to [bus 02] (subtractive decode)
Sep  9 12:58:19 ubuntu kernel: [    4.137865] pci 0000:00:11.0:   bridge window [io  0x2000-0x3fff]
Sep  9 12:58:19 ubuntu kernel: [    4.137882] pci 0000:00:11.0:   bridge window [mem 0xfd500000-0xfdffffff]
Sep  9 12:58:19 ubuntu kernel: [    4.137913] pci 0000:00:11.0:   bridge window [mem 0xe7b00000-0xe7ffffff 64bit pref]
Sep  9 12:58:19 ubuntu kernel: [    4.137915] pci 0000:00:11.0:   bridge window [mem 0x000a0000-0x000bffff] (subtractive decode)
Sep  9 12:58:19 ubuntu kernel: [    4.137916] pci 0000:00:11.0:   bridge window [mem 0x000d0000-0x000d3fff] (subtractive decode)
Sep  9 12:58:19 ubuntu kernel: [    4.137920] pci 0000:00:11.0:   bridge window [mem 0x000d4000-0x000d7fff] (subtractive decode)
Sep  9 12:58:19 ubuntu kernel: [    4.137921] pci 0000:00:11.0:   bridge window [mem 0x000d8000-0x000dbfff] (subtractive decode)
Sep  9 12:58:19 ubuntu kernel: [    4.137922] pci 0000:00:11.0:   bridge window [mem 0xc0000000-0xfebfffff] (subtractive decode)
Sep  9 12:58:19 ubuntu kernel: [    4.137923] pci 0000:00:11.0:   bridge window [io  0x0000-0x0cf7] (subtractive decode)
Sep  9 12:58:19 ubuntu kernel: [    4.137924] pci 0000:00:11.0:   bridge window [io  0x0d00-0xfeff] (subtractive decode)
Sep  9 12:58:19 ubuntu kernel: [    4.138234] pci 0000:00:15.0: PCI bridge to [bus 03]
Sep  9 12:58:19 ubuntu kernel: [    4.138250] pci 0000:00:15.0:   bridge window [io  0x4000-0x4fff]
Sep  9 12:58:19 ubuntu kernel: [    4.138266] pci 0000:00:15.0:   bridge window [mem 0xfd400000-0xfd4fffff]
Sep  9 12:58:19 ubuntu kernel: [    4.138297] pci 0000:00:15.0:   bridge window [mem 0xe7a00000-0xe7afffff 64bit pref]
Sep  9 12:58:19 ubuntu kernel: [    4.138611] pci 0000:00:15.1: PCI bridge to [bus 04]
Sep  9 12:58:19 ubuntu kernel: [    4.138627] pci 0000:00:15.1:   bridge window [io  0x8000-0x8fff]
Sep  9 12:58:19 ubuntu kernel: [    4.138644] pci 0000:00:15.1:   bridge window [mem 0xfd000000-0xfd0fffff]
Sep  9 12:58:19 ubuntu kernel: [    4.138680] pci 0000:00:15.1:   bridge window [mem 0xe7600000-0xe76fffff 64bit pref]
Sep  9 12:58:19 ubuntu kernel: [    4.138987] pci 0000:00:15.2: PCI bridge to [bus 05]
Sep  9 12:58:19 ubuntu kernel: [    4.139003] pci 0000:00:15.2:   bridge window [io  0xc000-0xcfff]
Sep  9 12:58:19 ubuntu kernel: [    4.139020] pci 0000:00:15.2:   bridge window [mem 0xfcc00000-0xfccfffff]
Sep  9 12:58:19 ubuntu kernel: [    4.139051] pci 0000:00:15.2:   bridge window [mem 0xe7200000-0xe72fffff 64bit pref]
Sep  9 12:58:19 ubuntu kernel: [    4.139358] pci 0000:00:15.3: PCI bridge to [bus 06]
Sep  9 12:58:19 ubuntu kernel: [    4.139389] pci 0000:00:15.3:   bridge window [mem 0xfc800000-0xfc8fffff]
Sep  9 12:58:19 ubuntu kernel: [    4.139420] pci 0000:00:15.3:   bridge window [mem 0xe6e00000-0xe6efffff 64bit pref]
Sep  9 12:58:19 ubuntu kernel: [    4.139731] pci 0000:00:15.4: PCI bridge to [bus 07]
Sep  9 12:58:19 ubuntu kernel: [    4.139762] pci 0000:00:15.4:   bridge window [mem 0xfc400000-0xfc4fffff]
Sep  9 12:58:19 ubuntu kernel: [    4.139793] pci 0000:00:15.4:   bridge window [mem 0xe6a00000-0xe6afffff 64bit pref]
Sep  9 12:58:19 ubuntu kernel: [    4.140098] pci 0000:00:15.5: PCI bridge to [bus 08]
Sep  9 12:58:19 ubuntu kernel: [    4.140129] pci 0000:00:15.5:   bridge window [mem 0xfc000000-0xfc0fffff]
Sep  9 12:58:19 ubuntu kernel: [    4.140160] pci 0000:00:15.5:   bridge window [mem 0xe6600000-0xe66fffff 64bit pref]
Sep  9 12:58:19 ubuntu kernel: [    4.140469] pci 0000:00:15.6: PCI bridge to [bus 09]
Sep  9 12:58:19 ubuntu kernel: [    4.140499] pci 0000:00:15.6:   bridge window [mem 0xfbc00000-0xfbcfffff]
Sep  9 12:58:19 ubuntu kernel: [    4.140536] pci 0000:00:15.6:   bridge window [mem 0xe6200000-0xe62fffff 64bit pref]
Sep  9 12:58:19 ubuntu kernel: [    4.140849] pci 0000:00:15.7: PCI bridge to [bus 0a]
Sep  9 12:58:19 ubuntu kernel: [    4.140879] pci 0000:00:15.7:   bridge window [mem 0xfb800000-0xfb8fffff]
Sep  9 12:58:19 ubuntu kernel: [    4.140910] pci 0000:00:15.7:   bridge window [mem 0xe5e00000-0xe5efffff 64bit pref]
Sep  9 12:58:19 ubuntu kernel: [    4.141220] pci 0000:00:16.0: PCI bridge to [bus 0b]
Sep  9 12:58:19 ubuntu kernel: [    4.141235] pci 0000:00:16.0:   bridge window [io  0x5000-0x5fff]
Sep  9 12:58:19 ubuntu kernel: [    4.141251] pci 0000:00:16.0:   bridge window [mem 0xfd300000-0xfd3fffff]
Sep  9 12:58:19 ubuntu kernel: [    4.141280] pci 0000:00:16.0:   bridge window [mem 0xe7900000-0xe79fffff 64bit pref]
Sep  9 12:58:19 ubuntu kernel: [    4.141603] pci 0000:00:16.1: PCI bridge to [bus 0c]
Sep  9 12:58:19 ubuntu kernel: [    4.141618] pci 0000:00:16.1:   bridge window [io  0x9000-0x9fff]
Sep  9 12:58:19 ubuntu kernel: [    4.141634] pci 0000:00:16.1:   bridge window [mem 0xfcf00000-0xfcffffff]
Sep  9 12:58:19 ubuntu kernel: [    4.141663] pci 0000:00:16.1:   bridge window [mem 0xe7500000-0xe75fffff 64bit pref]
Sep  9 12:58:19 ubuntu kernel: [    4.141953] pci 0000:00:16.2: PCI bridge to [bus 0d]
Sep  9 12:58:19 ubuntu kernel: [    4.141969] pci 0000:00:16.2:   bridge window [io  0xd000-0xdfff]
Sep  9 12:58:19 ubuntu kernel: [    4.141984] pci 0000:00:16.2:   bridge window [mem 0xfcb00000-0xfcbfffff]
Sep  9 12:58:19 ubuntu kernel: [    4.142014] pci 0000:00:16.2:   bridge window [mem 0xe7100000-0xe71fffff 64bit pref]
Sep  9 12:58:19 ubuntu kernel: [    4.142306] pci 0000:00:16.3: PCI bridge to [bus 0e]
Sep  9 12:58:19 ubuntu kernel: [    4.142336] pci 0000:00:16.3:   bridge window [mem 0xfc700000-0xfc7fffff]
Sep  9 12:58:19 ubuntu kernel: [    4.142365] pci 0000:00:16.3:   bridge window [mem 0xe6d00000-0xe6dfffff 64bit pref]
Sep  9 12:58:19 ubuntu kernel: [    4.142692] pci 0000:00:16.4: PCI bridge to [bus 0f]
Sep  9 12:58:19 ubuntu kernel: [    4.142721] pci 0000:00:16.4:   bridge window [mem 0xfc300000-0xfc3fffff]
Sep  9 12:58:19 ubuntu kernel: [    4.142751] pci 0000:00:16.4:   bridge window [mem 0xe6900000-0xe69fffff 64bit pref]
Sep  9 12:58:19 ubuntu kernel: [    4.143045] pci 0000:00:16.5: PCI bridge to [bus 10]
Sep  9 12:58:19 ubuntu kernel: [    4.143075] pci 0000:00:16.5:   bridge window [mem 0xfbf00000-0xfbffffff]
Sep  9 12:58:19 ubuntu kernel: [    4.143104] pci 0000:00:16.5:   bridge window [mem 0xe6500000-0xe65fffff 64bit pref]
Sep  9 12:58:19 ubuntu kernel: [    4.143403] pci 0000:00:16.6: PCI bridge to [bus 11]
Sep  9 12:58:19 ubuntu kernel: [    4.143432] pci 0000:00:16.6:   bridge window [mem 0xfbb00000-0xfbbfffff]
Sep  9 12:58:19 ubuntu kernel: [    4.143461] pci 0000:00:16.6:   bridge window [mem 0xe6100000-0xe61fffff 64bit pref]
Sep  9 12:58:19 ubuntu kernel: [    4.143751] pci 0000:00:16.7: PCI bridge to [bus 12]
Sep  9 12:58:19 ubuntu kernel: [    4.143780] pci 0000:00:16.7:   bridge window [mem 0xfb700000-0xfb7fffff]
Sep  9 12:58:19 ubuntu kernel: [    4.143809] pci 0000:00:16.7:   bridge window [mem 0xe5d00000-0xe5dfffff 64bit pref]
Sep  9 12:58:19 ubuntu kernel: [    4.144103] pci 0000:00:17.0: PCI bridge to [bus 13]
Sep  9 12:58:19 ubuntu kernel: [    4.144118] pci 0000:00:17.0:   bridge window [io  0x6000-0x6fff]
Sep  9 12:58:19 ubuntu kernel: [    4.144134] pci 0000:00:17.0:   bridge window [mem 0xfd200000-0xfd2fffff]
Sep  9 12:58:19 ubuntu kernel: [    4.144163] pci 0000:00:17.0:   bridge window [mem 0xe7800000-0xe78fffff 64bit pref]
Sep  9 12:58:19 ubuntu kernel: [    4.144455] pci 0000:00:17.1: PCI bridge to [bus 14]
Sep  9 12:58:19 ubuntu kernel: [    4.144471] pci 0000:00:17.1:   bridge window [io  0xa000-0xafff]
Sep  9 12:58:19 ubuntu kernel: [    4.144486] pci 0000:00:17.1:   bridge window [mem 0xfce00000-0xfcefffff]
Sep  9 12:58:19 ubuntu kernel: [    4.144516] pci 0000:00:17.1:   bridge window [mem 0xe7400000-0xe74fffff 64bit pref]
Sep  9 12:58:19 ubuntu kernel: [    4.144808] pci 0000:00:17.2: PCI bridge to [bus 15]
Sep  9 12:58:19 ubuntu kernel: [    4.144824] pci 0000:00:17.2:   bridge window [io  0xe000-0xefff]
Sep  9 12:58:19 ubuntu kernel: [    4.144839] pci 0000:00:17.2:   bridge window [mem 0xfca00000-0xfcafffff]
Sep  9 12:58:19 ubuntu kernel: [    4.144875] pci 0000:00:17.2:   bridge window [mem 0xe7000000-0xe70fffff 64bit pref]
Sep  9 12:58:19 ubuntu kernel: [    4.145171] pci 0000:00:17.3: PCI bridge to [bus 16]
Sep  9 12:58:19 ubuntu kernel: [    4.145200] pci 0000:00:17.3:   bridge window [mem 0xfc600000-0xfc6fffff]
Sep  9 12:58:19 ubuntu kernel: [    4.145235] pci 0000:00:17.3:   bridge window [mem 0xe6c00000-0xe6cfffff 64bit pref]
Sep  9 12:58:19 ubuntu kernel: [    4.145533] pci 0000:00:17.4: PCI bridge to [bus 17]
Sep  9 12:58:19 ubuntu kernel: [    4.145562] pci 0000:00:17.4:   bridge window [mem 0xfc200000-0xfc2fffff]
Sep  9 12:58:19 ubuntu kernel: [    4.145592] pci 0000:00:17.4:   bridge window [mem 0xe6800000-0xe68fffff 64bit pref]
Sep  9 12:58:19 ubuntu kernel: [    4.145885] pci 0000:00:17.5: PCI bridge to [bus 18]
Sep  9 12:58:19 ubuntu kernel: [    4.145914] pci 0000:00:17.5:   bridge window [mem 0xfbe00000-0xfbefffff]
Sep  9 12:58:19 ubuntu kernel: [    4.145944] pci 0000:00:17.5:   bridge window [mem 0xe6400000-0xe64fffff 64bit pref]
Sep  9 12:58:19 ubuntu kernel: [    4.146265] pci 0000:00:17.6: PCI bridge to [bus 19]
Sep  9 12:58:19 ubuntu kernel: [    4.146294] pci 0000:00:17.6:   bridge window [mem 0xfba00000-0xfbafffff]
Sep  9 12:58:19 ubuntu kernel: [    4.146323] pci 0000:00:17.6:   bridge window [mem 0xe6000000-0xe60fffff 64bit pref]
Sep  9 12:58:19 ubuntu kernel: [    4.146616] pci 0000:00:17.7: PCI bridge to [bus 1a]
Sep  9 12:58:19 ubuntu kernel: [    4.146645] pci 0000:00:17.7:   bridge window [mem 0xfb600000-0xfb6fffff]
Sep  9 12:58:19 ubuntu kernel: [    4.146675] pci 0000:00:17.7:   bridge window [mem 0xe5c00000-0xe5cfffff 64bit pref]
Sep  9 12:58:19 ubuntu kernel: [    4.146965] pci 0000:00:18.0: PCI bridge to [bus 1b]
Sep  9 12:58:19 ubuntu kernel: [    4.146980] pci 0000:00:18.0:   bridge window [io  0x7000-0x7fff]
Sep  9 12:58:19 ubuntu kernel: [    4.146996] pci 0000:00:18.0:   bridge window [mem 0xfd100000-0xfd1fffff]
Sep  9 12:58:19 ubuntu kernel: [    4.147025] pci 0000:00:18.0:   bridge window [mem 0xe7700000-0xe77fffff 64bit pref]
Sep  9 12:58:19 ubuntu kernel: [    4.147322] pci 0000:00:18.1: PCI bridge to [bus 1c]
Sep  9 12:58:19 ubuntu kernel: [    4.147337] pci 0000:00:18.1:   bridge window [io  0xb000-0xbfff]
Sep  9 12:58:19 ubuntu kernel: [    4.147352] pci 0000:00:18.1:   bridge window [mem 0xfcd00000-0xfcdfffff]
Sep  9 12:58:19 ubuntu kernel: [    4.147382] pci 0000:00:18.1:   bridge window [mem 0xe7300000-0xe73fffff 64bit pref]
Sep  9 12:58:19 ubuntu kernel: [    4.147676] pci 0000:00:18.2: PCI bridge to [bus 1d]
Sep  9 12:58:19 ubuntu kernel: [    4.147705] pci 0000:00:18.2:   bridge window [mem 0xfc900000-0xfc9fffff]
Sep  9 12:58:19 ubuntu kernel: [    4.147734] pci 0000:00:18.2:   bridge window [mem 0xe6f00000-0xe6ffffff 64bit pref]
Sep  9 12:58:19 ubuntu kernel: [    4.148025] pci 0000:00:18.3: PCI bridge to [bus 1e]
Sep  9 12:58:19 ubuntu kernel: [    4.148064] pci 0000:00:18.3:   bridge window [mem 0xfc500000-0xfc5fffff]
Sep  9 12:58:19 ubuntu kernel: [    4.148103] pci 0000:00:18.3:   bridge window [mem 0xe6b00000-0xe6bfffff 64bit pref]
Sep  9 12:58:19 ubuntu kernel: [    4.148414] pci 0000:00:18.4: PCI bridge to [bus 1f]
Sep  9 12:58:19 ubuntu kernel: [    4.148444] pci 0000:00:18.4:   bridge window [mem 0xfc100000-0xfc1fffff]
Sep  9 12:58:19 ubuntu kernel: [    4.148473] pci 0000:00:18.4:   bridge window [mem 0xe6700000-0xe67fffff 64bit pref]
Sep  9 12:58:19 ubuntu kernel: [    4.148764] pci 0000:00:18.5: PCI bridge to [bus 20]
Sep  9 12:58:19 ubuntu kernel: [    4.148793] pci 0000:00:18.5:   bridge window [mem 0xfbd00000-0xfbdfffff]
Sep  9 12:58:19 ubuntu kernel: [    4.148822] pci 0000:00:18.5:   bridge window [mem 0xe6300000-0xe63fffff 64bit pref]
Sep  9 12:58:19 ubuntu kernel: [    4.149125] pci 0000:00:18.6: PCI bridge to [bus 21]
Sep  9 12:58:19 ubuntu kernel: [    4.149154] pci 0000:00:18.6:   bridge window [mem 0xfb900000-0xfb9fffff]
Sep  9 12:58:19 ubuntu kernel: [    4.149184] pci 0000:00:18.6:   bridge window [mem 0xe5f00000-0xe5ffffff 64bit pref]
Sep  9 12:58:19 ubuntu kernel: [    4.149479] pci 0000:00:18.7: PCI bridge to [bus 22]
Sep  9 12:58:19 ubuntu kernel: [    4.149509] pci 0000:00:18.7:   bridge window [mem 0xfb500000-0xfb5fffff]
Sep  9 12:58:19 ubuntu kernel: [    4.149538] pci 0000:00:18.7:   bridge window [mem 0xe5b00000-0xe5bfffff 64bit pref]
Sep  9 12:58:19 ubuntu kernel: [    4.150964] pci_bus 0000:00: on NUMA node 0
Sep  9 12:58:19 ubuntu kernel: [    4.151040] ACPI: PCI Interrupt Link [LNKA] (IRQs 3 4 5 6 7 *9 10 11 14 15)
Sep  9 12:58:19 ubuntu kernel: [    4.151100] ACPI: PCI Interrupt Link [LNKB] (IRQs 3 4 5 6 7 9 10 *11 14 15)
Sep  9 12:58:19 ubuntu kernel: [    4.151157] ACPI: PCI Interrupt Link [LNKC] (IRQs 3 4 5 6 7 9 *10 11 14 15)
Sep  9 12:58:19 ubuntu kernel: [    4.151213] ACPI: PCI Interrupt Link [LNKD] (IRQs 3 4 5 6 *7 9 10 11 14 15)
Sep  9 12:58:19 ubuntu kernel: [    5.240863] ACPI: Enabled 2 GPEs in block 00 to 0F
Sep  9 12:58:19 ubuntu kernel: [    5.240870] ACPI: \_SB_.PCI0: notify handler is installed
Sep  9 12:58:19 ubuntu kernel: [    5.241008] Found 1 acpi root devices
Sep  9 12:58:19 ubuntu kernel: [    5.241241] vgaarb: device added: PCI:0000:00:0f.0,decodes=io+mem,owns=io+mem,locks=none
Sep  9 12:58:19 ubuntu kernel: [    5.241250] vgaarb: loaded
Sep  9 12:58:19 ubuntu kernel: [    5.241250] vgaarb: bridge control possible 0000:00:0f.0
Sep  9 12:58:19 ubuntu kernel: [    5.241379] SCSI subsystem initialized
Sep  9 12:58:19 ubuntu kernel: [    5.241614] libata version 3.00 loaded.
Sep  9 12:58:19 ubuntu kernel: [    5.241629] ACPI: bus type USB registered
Sep  9 12:58:19 ubuntu kernel: [    5.241642] usbcore: registered new interface driver usbfs
Sep  9 12:58:19 ubuntu kernel: [    5.241676] usbcore: registered new interface driver hub
Sep  9 12:58:19 ubuntu kernel: [    5.241797] usbcore: registered new device driver usb
Sep  9 12:58:19 ubuntu kernel: [    5.242193] PCI: Using ACPI for IRQ routing
Sep  9 12:58:19 ubuntu kernel: [    5.262832] PCI: pci_cache_line_size set to 64 bytes
Sep  9 12:58:19 ubuntu kernel: [    5.263512] e820: reserve RAM buffer [mem 0x0009e800-0x0009ffff]
Sep  9 12:58:19 ubuntu kernel: [    5.263514] e820: reserve RAM buffer [mem 0xbfee0000-0xbfffffff]
Sep  9 12:58:19 ubuntu kernel: [    5.263575] NetLabel: Initializing
Sep  9 12:58:19 ubuntu kernel: [    5.263576] NetLabel:  domain hash size = 128
Sep  9 12:58:19 ubuntu kernel: [    5.263576] NetLabel:  protocols = UNLABELED CIPSOv4
Sep  9 12:58:19 ubuntu kernel: [    5.263584] NetLabel:  unlabeled traffic allowed by default
Sep  9 12:58:19 ubuntu kernel: [    5.263871] hpet0: at MMIO 0xfed00000, IRQs 2, 8, 0, 0, 0, 0, 0, 0, 0, 0, 0, 0, 0, 0, 0, 0
Sep  9 12:58:19 ubuntu kernel: [    5.263877] hpet0: 16 comparators, 64-bit 14.318180 MHz counter
Sep  9 12:58:19 ubuntu kernel: [    5.266034] Switched to clocksource hpet
Sep  9 12:58:19 ubuntu kernel: [    5.270506] AppArmor: AppArmor Filesystem Enabled
Sep  9 12:58:19 ubuntu kernel: [    5.270518] pnp: PnP ACPI init
Sep  9 12:58:19 ubuntu kernel: [    5.270525] ACPI: bus type PNP registered
Sep  9 12:58:19 ubuntu kernel: [    5.270666] system 00:00: [io  0x1000-0x103f] could not be reserved
Sep  9 12:58:19 ubuntu kernel: [    5.270668] system 00:00: [io  0x1040-0x104f] has been reserved
Sep  9 12:58:19 ubuntu kernel: [    5.270669] system 00:00: [io  0x0cf0-0x0cf1] has been reserved
Sep  9 12:58:19 ubuntu kernel: [    5.270671] system 00:00: Plug and Play ACPI device, IDs PNP0c02 (active)
Sep  9 12:58:19 ubuntu kernel: [    5.270677] pnp 00:01: [dma 4]
Sep  9 12:58:19 ubuntu kernel: [    5.270687] pnp 00:01: Plug and Play ACPI device, IDs PNP0200 (active)
Sep  9 12:58:19 ubuntu kernel: [    5.270721] pnp 00:02: Plug and Play ACPI device, IDs PNP0001 (active)
Sep  9 12:58:19 ubuntu kernel: [    5.270759] pnp 00:03: Plug and Play ACPI device, IDs PNP0b00 (active)
Sep  9 12:58:19 ubuntu kernel: [    5.270771] pnp 00:04: Plug and Play ACPI device, IDs PNP0800 (active)
Sep  9 12:58:19 ubuntu kernel: [    5.270789] pnp 00:05: Plug and Play ACPI device, IDs PNP0303 (active)
Sep  9 12:58:19 ubuntu kernel: [    5.270806] pnp 00:06: Plug and Play ACPI device, IDs VMW0003 PNP0f13 (active)
Sep  9 12:58:19 ubuntu kernel: [    5.270943] system 00:07: [mem 0xfed00000-0xfed003ff] has been reserved
Sep  9 12:58:19 ubuntu kernel: [    5.270944] system 00:07: Plug and Play ACPI device, IDs PNP0103 PNP0c01 (active)
Sep  9 12:58:19 ubuntu kernel: [    5.271984] pnp 00:08: Plug and Play ACPI device, IDs PNP0501 (active)
Sep  9 12:58:19 ubuntu kernel: [    5.272173] pnp 00:09: [dma 2]
Sep  9 12:58:19 ubuntu kernel: [    5.272197] pnp 00:09: Plug and Play ACPI device, IDs PNP0700 (active)
Sep  9 12:58:19 ubuntu kernel: [    5.272332] system 00:0a: [io  0xfce0-0xfcff] has been reserved
Sep  9 12:58:19 ubuntu kernel: [    5.272334] system 00:0a: [mem 0xf0000000-0xf7ffffff] has been reserved
Sep  9 12:58:19 ubuntu kernel: [    5.272336] system 00:0a: [mem 0xfe800000-0xfe9fffff] has been reserved
Sep  9 12:58:19 ubuntu kernel: [    5.272338] system 00:0a: Plug and Play ACPI device, IDs PNP0c02 (active)
Sep  9 12:58:19 ubuntu kernel: [    5.467183] pnp 00:0b: Plug and Play ACPI device, IDs PNP0c80 (active)
Sep  9 12:58:19 ubuntu kernel: [    5.563222] pnp 00:0c: Plug and Play ACPI device, IDs PNP0c80 (active)
Sep  9 12:58:19 ubuntu kernel: [    8.813673] pnp: PnP ACPI: found 13 devices
Sep  9 12:58:19 ubuntu kernel: [    8.813677] ACPI: bus type PNP unregistered
Sep  9 12:58:19 ubuntu kernel: [    8.813680] PnPBIOS: Disabled by ACPI PNP
Sep  9 12:58:19 ubuntu kernel: [    8.849631] pci 0000:00:15.3: bridge window [io  0x1000-0x0fff] to [bus 06] add_size 1000
Sep  9 12:58:19 ubuntu kernel: [    8.849678] pci 0000:00:15.4: bridge window [io  0x1000-0x0fff] to [bus 07] add_size 1000
Sep  9 12:58:19 ubuntu kernel: [    8.849724] pci 0000:00:15.5: bridge window [io  0x1000-0x0fff] to [bus 08] add_size 1000
Sep  9 12:58:19 ubuntu kernel: [    8.849769] pci 0000:00:15.6: bridge window [io  0x1000-0x0fff] to [bus 09] add_size 1000
Sep  9 12:58:19 ubuntu kernel: [    8.849814] pci 0000:00:15.7: bridge window [io  0x1000-0x0fff] to [bus 0a] add_size 1000
Sep  9 12:58:19 ubuntu kernel: [    8.849980] pci 0000:00:16.3: bridge window [io  0x1000-0x0fff] to [bus 0e] add_size 1000
Sep  9 12:58:19 ubuntu kernel: [    8.850025] pci 0000:00:16.4: bridge window [io  0x1000-0x0fff] to [bus 0f] add_size 1000
Sep  9 12:58:19 ubuntu kernel: [    8.850069] pci 0000:00:16.5: bridge window [io  0x1000-0x0fff] to [bus 10] add_size 1000
Sep  9 12:58:19 ubuntu kernel: [    8.850114] pci 0000:00:16.6: bridge window [io  0x1000-0x0fff] to [bus 11] add_size 1000
Sep  9 12:58:19 ubuntu kernel: [    8.850159] pci 0000:00:16.7: bridge window [io  0x1000-0x0fff] to [bus 12] add_size 1000
Sep  9 12:58:19 ubuntu kernel: [    8.850324] pci 0000:00:17.3: bridge window [io  0x1000-0x0fff] to [bus 16] add_size 1000
Sep  9 12:58:19 ubuntu kernel: [    8.850378] pci 0000:00:17.4: bridge window [io  0x1000-0x0fff] to [bus 17] add_size 1000
Sep  9 12:58:19 ubuntu kernel: [    8.850422] pci 0000:00:17.5: bridge window [io  0x1000-0x0fff] to [bus 18] add_size 1000
Sep  9 12:58:19 ubuntu kernel: [    8.850465] pci 0000:00:17.6: bridge window [io  0x1000-0x0fff] to [bus 19] add_size 1000
Sep  9 12:58:19 ubuntu kernel: [    8.850509] pci 0000:00:17.7: bridge window [io  0x1000-0x0fff] to [bus 1a] add_size 1000
Sep  9 12:58:19 ubuntu kernel: [    8.850636] pci 0000:00:18.2: bridge window [io  0x1000-0x0fff] to [bus 1d] add_size 1000
Sep  9 12:58:19 ubuntu kernel: [    8.850680] pci 0000:00:18.3: bridge window [io  0x1000-0x0fff] to [bus 1e] add_size 1000
Sep  9 12:58:19 ubuntu kernel: [    8.850724] pci 0000:00:18.4: bridge window [io  0x1000-0x0fff] to [bus 1f] add_size 1000
Sep  9 12:58:19 ubuntu kernel: [    8.850767] pci 0000:00:18.5: bridge window [io  0x1000-0x0fff] to [bus 20] add_size 1000
Sep  9 12:58:19 ubuntu kernel: [    8.850816] pci 0000:00:18.6: bridge window [io  0x1000-0x0fff] to [bus 21] add_size 1000
Sep  9 12:58:19 ubuntu kernel: [    8.850860] pci 0000:00:18.7: bridge window [io  0x1000-0x0fff] to [bus 22] add_size 1000
Sep  9 12:58:19 ubuntu kernel: [    8.850869] pci 0000:00:15.3: res[13]=[io  0x1000-0x0fff] get_res_add_size add_size 1000
Sep  9 12:58:19 ubuntu kernel: [    8.850871] pci 0000:00:15.4: res[13]=[io  0x1000-0x0fff] get_res_add_size add_size 1000
Sep  9 12:58:19 ubuntu kernel: [    8.850873] pci 0000:00:15.5: res[13]=[io  0x1000-0x0fff] get_res_add_size add_size 1000
Sep  9 12:58:19 ubuntu kernel: [    8.850874] pci 0000:00:15.6: res[13]=[io  0x1000-0x0fff] get_res_add_size add_size 1000
Sep  9 12:58:19 ubuntu kernel: [    8.850876] pci 0000:00:15.7: res[13]=[io  0x1000-0x0fff] get_res_add_size add_size 1000
Sep  9 12:58:19 ubuntu kernel: [    8.850877] pci 0000:00:16.3: res[13]=[io  0x1000-0x0fff] get_res_add_size add_size 1000
Sep  9 12:58:19 ubuntu kernel: [    8.850879] pci 0000:00:16.4: res[13]=[io  0x1000-0x0fff] get_res_add_size add_size 1000
Sep  9 12:58:19 ubuntu kernel: [    8.850880] pci 0000:00:16.5: res[13]=[io  0x1000-0x0fff] get_res_add_size add_size 1000
Sep  9 12:58:19 ubuntu kernel: [    8.850882] pci 0000:00:16.6: res[13]=[io  0x1000-0x0fff] get_res_add_size add_size 1000
Sep  9 12:58:19 ubuntu kernel: [    8.850884] pci 0000:00:16.7: res[13]=[io  0x1000-0x0fff] get_res_add_size add_size 1000
Sep  9 12:58:19 ubuntu kernel: [    8.850885] pci 0000:00:17.3: res[13]=[io  0x1000-0x0fff] get_res_add_size add_size 1000
Sep  9 12:58:19 ubuntu kernel: [    8.850887] pci 0000:00:17.4: res[13]=[io  0x1000-0x0fff] get_res_add_size add_size 1000
Sep  9 12:58:19 ubuntu kernel: [    8.850888] pci 0000:00:17.5: res[13]=[io  0x1000-0x0fff] get_res_add_size add_size 1000
Sep  9 12:58:19 ubuntu kernel: [    8.850890] pci 0000:00:17.6: res[13]=[io  0x1000-0x0fff] get_res_add_size add_size 1000
Sep  9 12:58:19 ubuntu kernel: [    8.850891] pci 0000:00:17.7: res[13]=[io  0x1000-0x0fff] get_res_add_size add_size 1000
Sep  9 12:58:19 ubuntu kernel: [    8.850893] pci 0000:00:18.2: res[13]=[io  0x1000-0x0fff] get_res_add_size add_size 1000
Sep  9 12:58:19 ubuntu kernel: [    8.850894] pci 0000:00:18.3: res[13]=[io  0x1000-0x0fff] get_res_add_size add_size 1000
Sep  9 12:58:19 ubuntu kernel: [    8.850896] pci 0000:00:18.4: res[13]=[io  0x1000-0x0fff] get_res_add_size add_size 1000
Sep  9 12:58:19 ubuntu kernel: [    8.850898] pci 0000:00:18.5: res[13]=[io  0x1000-0x0fff] get_res_add_size add_size 1000
Sep  9 12:58:19 ubuntu kernel: [    8.850899] pci 0000:00:18.6: res[13]=[io  0x1000-0x0fff] get_res_add_size add_size 1000
Sep  9 12:58:19 ubuntu kernel: [    8.850901] pci 0000:00:18.7: res[13]=[io  0x1000-0x0fff] get_res_add_size add_size 1000
Sep  9 12:58:19 ubuntu kernel: [    8.850905] pci 0000:00:0f.0: BAR 6: assigned [mem 0xc0000000-0xc0007fff pref]
Sep  9 12:58:19 ubuntu kernel: [    8.850909] pci 0000:00:10.0: BAR 6: assigned [mem 0xc0008000-0xc000bfff pref]
Sep  9 12:58:19 ubuntu kernel: [    8.850912] pci 0000:00:15.3: BAR 13: can't assign io (size 0x1000)
Sep  9 12:58:19 ubuntu kernel: [    8.850914] pci 0000:00:15.4: BAR 13: can't assign io (size 0x1000)
Sep  9 12:58:19 ubuntu kernel: [    8.850916] pci 0000:00:15.5: BAR 13: can't assign io (size 0x1000)
Sep  9 12:58:19 ubuntu kernel: [    8.850919] pci 0000:00:15.6: BAR 13: can't assign io (size 0x1000)
Sep  9 12:58:19 ubuntu kernel: [    8.850921] pci 0000:00:15.7: BAR 13: can't assign io (size 0x1000)
Sep  9 12:58:19 ubuntu kernel: [    8.850923] pci 0000:00:16.3: BAR 13: can't assign io (size 0x1000)
Sep  9 12:58:19 ubuntu kernel: [    8.850925] pci 0000:00:16.4: BAR 13: can't assign io (size 0x1000)
Sep  9 12:58:19 ubuntu kernel: [    8.850927] pci 0000:00:16.5: BAR 13: can't assign io (size 0x1000)
Sep  9 12:58:19 ubuntu kernel: [    8.850929] pci 0000:00:16.6: BAR 13: can't assign io (size 0x1000)
Sep  9 12:58:19 ubuntu kernel: [    8.850931] pci 0000:00:16.7: BAR 13: can't assign io (size 0x1000)
Sep  9 12:58:19 ubuntu kernel: [    8.850933] pci 0000:00:17.3: BAR 13: can't assign io (size 0x1000)
Sep  9 12:58:19 ubuntu kernel: [    8.850936] pci 0000:00:17.4: BAR 13: can't assign io (size 0x1000)
Sep  9 12:58:19 ubuntu kernel: [    8.850938] pci 0000:00:17.5: BAR 13: can't assign io (size 0x1000)
Sep  9 12:58:19 ubuntu kernel: [    8.850940] pci 0000:00:17.6: BAR 13: can't assign io (size 0x1000)
Sep  9 12:58:19 ubuntu kernel: [    8.850942] pci 0000:00:17.7: BAR 13: can't assign io (size 0x1000)
Sep  9 12:58:19 ubuntu kernel: [    8.850944] pci 0000:00:18.2: BAR 13: can't assign io (size 0x1000)
Sep  9 12:58:19 ubuntu kernel: [    8.850946] pci 0000:00:18.3: BAR 13: can't assign io (size 0x1000)
Sep  9 12:58:19 ubuntu kernel: [    8.850951] pci 0000:00:18.4: BAR 13: can't assign io (size 0x1000)
Sep  9 12:58:19 ubuntu kernel: [    8.850953] pci 0000:00:18.5: BAR 13: can't assign io (size 0x1000)
Sep  9 12:58:19 ubuntu kernel: [    8.850955] pci 0000:00:18.6: BAR 13: can't assign io (size 0x1000)
Sep  9 12:58:19 ubuntu kernel: [    8.850957] pci 0000:00:18.7: BAR 13: can't assign io (size 0x1000)
Sep  9 12:58:19 ubuntu kernel: [    8.850962] pci 0000:00:18.7: BAR 13: can't assign io (size 0x1000)
Sep  9 12:58:19 ubuntu kernel: [    8.850964] pci 0000:00:18.6: BAR 13: can't assign io (size 0x1000)
Sep  9 12:58:19 ubuntu kernel: [    8.850966] pci 0000:00:18.5: BAR 13: can't assign io (size 0x1000)
Sep  9 12:58:19 ubuntu kernel: [    8.850968] pci 0000:00:18.4: BAR 13: can't assign io (size 0x1000)
Sep  9 12:58:19 ubuntu kernel: [    8.850970] pci 0000:00:18.3: BAR 13: can't assign io (size 0x1000)
Sep  9 12:58:19 ubuntu kernel: [    8.850973] pci 0000:00:18.2: BAR 13: can't assign io (size 0x1000)
Sep  9 12:58:19 ubuntu kernel: [    8.850975] pci 0000:00:17.7: BAR 13: can't assign io (size 0x1000)
Sep  9 12:58:19 ubuntu kernel: [    8.850977] pci 0000:00:17.6: BAR 13: can't assign io (size 0x1000)
Sep  9 12:58:19 ubuntu kernel: [    8.850979] pci 0000:00:17.5: BAR 13: can't assign io (size 0x1000)
Sep  9 12:58:19 ubuntu kernel: [    8.850981] pci 0000:00:17.4: BAR 13: can't assign io (size 0x1000)
Sep  9 12:58:19 ubuntu kernel: [    8.850983] pci 0000:00:17.3: BAR 13: can't assign io (size 0x1000)
Sep  9 12:58:19 ubuntu kernel: [    8.850986] pci 0000:00:16.7: BAR 13: can't assign io (size 0x1000)
Sep  9 12:58:19 ubuntu kernel: [    8.850988] pci 0000:00:16.6: BAR 13: can't assign io (size 0x1000)
Sep  9 12:58:19 ubuntu kernel: [    8.850990] pci 0000:00:16.5: BAR 13: can't assign io (size 0x1000)
Sep  9 12:58:19 ubuntu kernel: [    8.850992] pci 0000:00:16.4: BAR 13: can't assign io (size 0x1000)
Sep  9 12:58:19 ubuntu kernel: [    8.850994] pci 0000:00:16.3: BAR 13: can't assign io (size 0x1000)
Sep  9 12:58:19 ubuntu kernel: [    8.850996] pci 0000:00:15.7: BAR 13: can't assign io (size 0x1000)
Sep  9 12:58:19 ubuntu kernel: [    8.850998] pci 0000:00:15.6: BAR 13: can't assign io (size 0x1000)
Sep  9 12:58:19 ubuntu kernel: [    8.851001] pci 0000:00:15.5: BAR 13: can't assign io (size 0x1000)
Sep  9 12:58:19 ubuntu kernel: [    8.851003] pci 0000:00:15.4: BAR 13: can't assign io (size 0x1000)
Sep  9 12:58:19 ubuntu kernel: [    8.851005] pci 0000:00:15.3: BAR 13: can't assign io (size 0x1000)
Sep  9 12:58:19 ubuntu kernel: [    8.851007] pci 0000:00:01.0: PCI bridge to [bus 01]
Sep  9 12:58:19 ubuntu kernel: [    8.851075] pci 0000:02:01.0: BAR 6: assigned [mem 0xe7b00000-0xe7b0ffff pref]
Sep  9 12:58:19 ubuntu kernel: [    8.851077] pci 0000:02:05.0: BAR 6: assigned [mem 0xe7b10000-0xe7b1ffff pref]
Sep  9 12:58:19 ubuntu kernel: [    8.851079] pci 0000:00:11.0: PCI bridge to [bus 02]
Sep  9 12:58:19 ubuntu kernel: [    8.851088] pci 0000:00:11.0:   bridge window [io  0x2000-0x3fff]
Sep  9 12:58:19 ubuntu kernel: [    8.851111] pci 0000:00:11.0:   bridge window [mem 0xfd500000-0xfdffffff]
Sep  9 12:58:19 ubuntu kernel: [    8.851127] pci 0000:00:11.0:   bridge window [mem 0xe7b00000-0xe7ffffff 64bit pref]
Sep  9 12:58:19 ubuntu kernel: [    8.851157] pci 0000:00:15.0: PCI bridge to [bus 03]
Sep  9 12:58:19 ubuntu kernel: [    8.851166] pci 0000:00:15.0:   bridge window [io  0x4000-0x4fff]
Sep  9 12:58:19 ubuntu kernel: [    8.851189] pci 0000:00:15.0:   bridge window [mem 0xfd400000-0xfd4fffff]
Sep  9 12:58:19 ubuntu kernel: [    8.851205] pci 0000:00:15.0:   bridge window [mem 0xe7a00000-0xe7afffff 64bit pref]
Sep  9 12:58:19 ubuntu kernel: [    8.851271] pci 0000:00:15.1: PCI bridge to [bus 04]
Sep  9 12:58:19 ubuntu kernel: [    8.851281] pci 0000:00:15.1:   bridge window [io  0x8000-0x8fff]
Sep  9 12:58:19 ubuntu kernel: [    8.851304] pci 0000:00:15.1:   bridge window [mem 0xfd000000-0xfd0fffff]
Sep  9 12:58:19 ubuntu kernel: [    8.851320] pci 0000:00:15.1:   bridge window [mem 0xe7600000-0xe76fffff 64bit pref]
Sep  9 12:58:19 ubuntu kernel: [    8.851359] pci 0000:00:15.2: PCI bridge to [bus 05]
Sep  9 12:58:19 ubuntu kernel: [    8.851369] pci 0000:00:15.2:   bridge window [io  0xc000-0xcfff]
Sep  9 12:58:19 ubuntu kernel: [    8.851392] pci 0000:00:15.2:   bridge window [mem 0xfcc00000-0xfccfffff]
Sep  9 12:58:19 ubuntu kernel: [    8.851408] pci 0000:00:15.2:   bridge window [mem 0xe7200000-0xe72fffff 64bit pref]
Sep  9 12:58:19 ubuntu kernel: [    8.851446] pci 0000:00:15.3: PCI bridge to [bus 06]
Sep  9 12:58:19 ubuntu kernel: [    8.851469] pci 0000:00:15.3:   bridge window [mem 0xfc800000-0xfc8fffff]
Sep  9 12:58:19 ubuntu kernel: [    8.851485] pci 0000:00:15.3:   bridge window [mem 0xe6e00000-0xe6efffff 64bit pref]
Sep  9 12:58:19 ubuntu kernel: [    8.851522] pci 0000:00:15.4: PCI bridge to [bus 07]
Sep  9 12:58:19 ubuntu kernel: [    8.851546] pci 0000:00:15.4:   bridge window [mem 0xfc400000-0xfc4fffff]
Sep  9 12:58:19 ubuntu kernel: [    8.851570] pci 0000:00:15.4:   bridge window [mem 0xe6a00000-0xe6afffff 64bit pref]
Sep  9 12:58:19 ubuntu kernel: [    8.851609] pci 0000:00:15.5: PCI bridge to [bus 08]
Sep  9 12:58:19 ubuntu kernel: [    8.851633] pci 0000:00:15.5:   bridge window [mem 0xfc000000-0xfc0fffff]
Sep  9 12:58:19 ubuntu kernel: [    8.851649] pci 0000:00:15.5:   bridge window [mem 0xe6600000-0xe66fffff 64bit pref]
Sep  9 12:58:19 ubuntu kernel: [    8.851686] pci 0000:00:15.6: PCI bridge to [bus 09]
Sep  9 12:58:19 ubuntu kernel: [    8.851710] pci 0000:00:15.6:   bridge window [mem 0xfbc00000-0xfbcfffff]
Sep  9 12:58:19 ubuntu kernel: [    8.851726] pci 0000:00:15.6:   bridge window [mem 0xe6200000-0xe62fffff 64bit pref]
Sep  9 12:58:19 ubuntu kernel: [    8.851763] pci 0000:00:15.7: PCI bridge to [bus 0a]
Sep  9 12:58:19 ubuntu kernel: [    8.851787] pci 0000:00:15.7:   bridge window [mem 0xfb800000-0xfb8fffff]
Sep  9 12:58:19 ubuntu kernel: [    8.851803] pci 0000:00:15.7:   bridge window [mem 0xe5e00000-0xe5efffff 64bit pref]
Sep  9 12:58:19 ubuntu kernel: [    8.851840] pci 0000:00:16.0: PCI bridge to [bus 0b]
Sep  9 12:58:19 ubuntu kernel: [    8.851850] pci 0000:00:16.0:   bridge window [io  0x5000-0x5fff]
Sep  9 12:58:19 ubuntu kernel: [    8.851872] pci 0000:00:16.0:   bridge window [mem 0xfd300000-0xfd3fffff]
Sep  9 12:58:19 ubuntu kernel: [    8.851889] pci 0000:00:16.0:   bridge window [mem 0xe7900000-0xe79fffff 64bit pref]
Sep  9 12:58:19 ubuntu kernel: [    8.851926] pci 0000:00:16.1: PCI bridge to [bus 0c]
Sep  9 12:58:19 ubuntu kernel: [    8.851936] pci 0000:00:16.1:   bridge window [io  0x9000-0x9fff]
Sep  9 12:58:19 ubuntu kernel: [    8.851958] pci 0000:00:16.1:   bridge window [mem 0xfcf00000-0xfcffffff]
Sep  9 12:58:19 ubuntu kernel: [    8.851974] pci 0000:00:16.1:   bridge window [mem 0xe7500000-0xe75fffff 64bit pref]
Sep  9 12:58:19 ubuntu kernel: [    8.852011] pci 0000:00:16.2: PCI bridge to [bus 0d]
Sep  9 12:58:19 ubuntu kernel: [    8.852021] pci 0000:00:16.2:   bridge window [io  0xd000-0xdfff]
Sep  9 12:58:19 ubuntu kernel: [    8.852044] pci 0000:00:16.2:   bridge window [mem 0xfcb00000-0xfcbfffff]
Sep  9 12:58:19 ubuntu kernel: [    8.852060] pci 0000:00:16.2:   bridge window [mem 0xe7100000-0xe71fffff 64bit pref]
Sep  9 12:58:19 ubuntu kernel: [    8.852097] pci 0000:00:16.3: PCI bridge to [bus 0e]
Sep  9 12:58:19 ubuntu kernel: [    8.852121] pci 0000:00:16.3:   bridge window [mem 0xfc700000-0xfc7fffff]
Sep  9 12:58:19 ubuntu kernel: [    8.852137] pci 0000:00:16.3:   bridge window [mem 0xe6d00000-0xe6dfffff 64bit pref]
Sep  9 12:58:19 ubuntu kernel: [    8.852174] pci 0000:00:16.4: PCI bridge to [bus 0f]
Sep  9 12:58:19 ubuntu kernel: [    8.852198] pci 0000:00:16.4:   bridge window [mem 0xfc300000-0xfc3fffff]
Sep  9 12:58:19 ubuntu kernel: [    8.852214] pci 0000:00:16.4:   bridge window [mem 0xe6900000-0xe69fffff 64bit pref]
Sep  9 12:58:19 ubuntu kernel: [    8.852250] pci 0000:00:16.5: PCI bridge to [bus 10]
Sep  9 12:58:19 ubuntu kernel: [    8.852274] pci 0000:00:16.5:   bridge window [mem 0xfbf00000-0xfbffffff]
Sep  9 12:58:19 ubuntu kernel: [    8.852290] pci 0000:00:16.5:   bridge window [mem 0xe6500000-0xe65fffff 64bit pref]
Sep  9 12:58:19 ubuntu kernel: [    8.852327] pci 0000:00:16.6: PCI bridge to [bus 11]
Sep  9 12:58:19 ubuntu kernel: [    8.852350] pci 0000:00:16.6:   bridge window [mem 0xfbb00000-0xfbbfffff]
Sep  9 12:58:19 ubuntu kernel: [    8.852366] pci 0000:00:16.6:   bridge window [mem 0xe6100000-0xe61fffff 64bit pref]
Sep  9 12:58:19 ubuntu kernel: [    8.852403] pci 0000:00:16.7: PCI bridge to [bus 12]
Sep  9 12:58:19 ubuntu kernel: [    8.852427] pci 0000:00:16.7:   bridge window [mem 0xfb700000-0xfb7fffff]
Sep  9 12:58:19 ubuntu kernel: [    8.852443] pci 0000:00:16.7:   bridge window [mem 0xe5d00000-0xe5dfffff 64bit pref]
Sep  9 12:58:19 ubuntu kernel: [    8.852480] pci 0000:00:17.0: PCI bridge to [bus 13]
Sep  9 12:58:19 ubuntu kernel: [    8.852489] pci 0000:00:17.0:   bridge window [io  0x6000-0x6fff]
Sep  9 12:58:19 ubuntu kernel: [    8.852513] pci 0000:00:17.0:   bridge window [mem 0xfd200000-0xfd2fffff]
Sep  9 12:58:19 ubuntu kernel: [    8.852529] pci 0000:00:17.0:   bridge window [mem 0xe7800000-0xe78fffff 64bit pref]
Sep  9 12:58:19 ubuntu kernel: [    8.852573] pci 0000:00:17.1: PCI bridge to [bus 14]
Sep  9 12:58:19 ubuntu kernel: [    8.852582] pci 0000:00:17.1:   bridge window [io  0xa000-0xafff]
Sep  9 12:58:19 ubuntu kernel: [    8.852605] pci 0000:00:17.1:   bridge window [mem 0xfce00000-0xfcefffff]
Sep  9 12:58:19 ubuntu kernel: [    8.852621] pci 0000:00:17.1:   bridge window [mem 0xe7400000-0xe74fffff 64bit pref]
Sep  9 12:58:19 ubuntu kernel: [    8.852658] pci 0000:00:17.2: PCI bridge to [bus 15]
Sep  9 12:58:19 ubuntu kernel: [    8.852668] pci 0000:00:17.2:   bridge window [io  0xe000-0xefff]
Sep  9 12:58:19 ubuntu kernel: [    8.852691] pci 0000:00:17.2:   bridge window [mem 0xfca00000-0xfcafffff]
Sep  9 12:58:19 ubuntu kernel: [    8.852707] pci 0000:00:17.2:   bridge window [mem 0xe7000000-0xe70fffff 64bit pref]
Sep  9 12:58:19 ubuntu kernel: [    8.852744] pci 0000:00:17.3: PCI bridge to [bus 16]
Sep  9 12:58:19 ubuntu kernel: [    8.852768] pci 0000:00:17.3:   bridge window [mem 0xfc600000-0xfc6fffff]
Sep  9 12:58:19 ubuntu kernel: [    8.852784] pci 0000:00:17.3:   bridge window [mem 0xe6c00000-0xe6cfffff 64bit pref]
Sep  9 12:58:19 ubuntu kernel: [    8.852821] pci 0000:00:17.4: PCI bridge to [bus 17]
Sep  9 12:58:19 ubuntu kernel: [    8.852844] pci 0000:00:17.4:   bridge window [mem 0xfc200000-0xfc2fffff]
Sep  9 12:58:19 ubuntu kernel: [    8.852861] pci 0000:00:17.4:   bridge window [mem 0xe6800000-0xe68fffff 64bit pref]
Sep  9 12:58:19 ubuntu kernel: [    8.852898] pci 0000:00:17.5: PCI bridge to [bus 18]
Sep  9 12:58:19 ubuntu kernel: [    8.852921] pci 0000:00:17.5:   bridge window [mem 0xfbe00000-0xfbefffff]
Sep  9 12:58:19 ubuntu kernel: [    8.852937] pci 0000:00:17.5:   bridge window [mem 0xe6400000-0xe64fffff 64bit pref]
Sep  9 12:58:19 ubuntu kernel: [    8.852974] pci 0000:00:17.6: PCI bridge to [bus 19]
Sep  9 12:58:19 ubuntu kernel: [    8.852998] pci 0000:00:17.6:   bridge window [mem 0xfba00000-0xfbafffff]
Sep  9 12:58:19 ubuntu kernel: [    8.853014] pci 0000:00:17.6:   bridge window [mem 0xe6000000-0xe60fffff 64bit pref]
Sep  9 12:58:19 ubuntu kernel: [    8.853050] pci 0000:00:17.7: PCI bridge to [bus 1a]
Sep  9 12:58:19 ubuntu kernel: [    8.853074] pci 0000:00:17.7:   bridge window [mem 0xfb600000-0xfb6fffff]
Sep  9 12:58:19 ubuntu kernel: [    8.853090] pci 0000:00:17.7:   bridge window [mem 0xe5c00000-0xe5cfffff 64bit pref]
Sep  9 12:58:19 ubuntu kernel: [    8.853127] pci 0000:00:18.0: PCI bridge to [bus 1b]
Sep  9 12:58:19 ubuntu kernel: [    8.853137] pci 0000:00:18.0:   bridge window [io  0x7000-0x7fff]
Sep  9 12:58:19 ubuntu kernel: [    8.853160] pci 0000:00:18.0:   bridge window [mem 0xfd100000-0xfd1fffff]
Sep  9 12:58:19 ubuntu kernel: [    8.853176] pci 0000:00:18.0:   bridge window [mem 0xe7700000-0xe77fffff 64bit pref]
Sep  9 12:58:19 ubuntu kernel: [    8.853213] pci 0000:00:18.1: PCI bridge to [bus 1c]
Sep  9 12:58:19 ubuntu kernel: [    8.853223] pci 0000:00:18.1:   bridge window [io  0xb000-0xbfff]
Sep  9 12:58:19 ubuntu kernel: [    8.853246] pci 0000:00:18.1:   bridge window [mem 0xfcd00000-0xfcdfffff]
Sep  9 12:58:19 ubuntu kernel: [    8.853262] pci 0000:00:18.1:   bridge window [mem 0xe7300000-0xe73fffff 64bit pref]
Sep  9 12:58:19 ubuntu kernel: [    8.853303] pci 0000:00:18.2: PCI bridge to [bus 1d]
Sep  9 12:58:19 ubuntu kernel: [    8.853327] pci 0000:00:18.2:   bridge window [mem 0xfc900000-0xfc9fffff]
Sep  9 12:58:19 ubuntu kernel: [    8.853343] pci 0000:00:18.2:   bridge window [mem 0xe6f00000-0xe6ffffff 64bit pref]
Sep  9 12:58:19 ubuntu kernel: [    8.853383] pci 0000:00:18.3: PCI bridge to [bus 1e]
Sep  9 12:58:19 ubuntu kernel: [    8.853407] pci 0000:00:18.3:   bridge window [mem 0xfc500000-0xfc5fffff]
Sep  9 12:58:19 ubuntu kernel: [    8.853423] pci 0000:00:18.3:   bridge window [mem 0xe6b00000-0xe6bfffff 64bit pref]
Sep  9 12:58:19 ubuntu kernel: [    8.853460] pci 0000:00:18.4: PCI bridge to [bus 1f]
Sep  9 12:58:19 ubuntu kernel: [    8.853484] pci 0000:00:18.4:   bridge window [mem 0xfc100000-0xfc1fffff]
Sep  9 12:58:19 ubuntu kernel: [    8.853500] pci 0000:00:18.4:   bridge window [mem 0xe6700000-0xe67fffff 64bit pref]
Sep  9 12:58:19 ubuntu kernel: [    8.853537] pci 0000:00:18.5: PCI bridge to [bus 20]
Sep  9 12:58:19 ubuntu kernel: [    8.853568] pci 0000:00:18.5:   bridge window [mem 0xfbd00000-0xfbdfffff]
Sep  9 12:58:19 ubuntu kernel: [    8.853616] pci 0000:00:18.5:   bridge window [mem 0xe6300000-0xe63fffff 64bit pref]
Sep  9 12:58:19 ubuntu kernel: [    8.853665] pci 0000:00:18.6: PCI bridge to [bus 21]
Sep  9 12:58:19 ubuntu kernel: [    8.853689] pci 0000:00:18.6:   bridge window [mem 0xfb900000-0xfb9fffff]
Sep  9 12:58:19 ubuntu kernel: [    8.853705] pci 0000:00:18.6:   bridge window [mem 0xe5f00000-0xe5ffffff 64bit pref]
Sep  9 12:58:19 ubuntu kernel: [    8.853742] pci 0000:00:18.7: PCI bridge to [bus 22]
Sep  9 12:58:19 ubuntu kernel: [    8.853765] pci 0000:00:18.7:   bridge window [mem 0xfb500000-0xfb5fffff]
Sep  9 12:58:19 ubuntu kernel: [    8.853781] pci 0000:00:18.7:   bridge window [mem 0xe5b00000-0xe5bfffff 64bit pref]
Sep  9 12:58:19 ubuntu kernel: [    8.853819] pci_bus 0000:00: resource 4 [mem 0x000a0000-0x000bffff]
Sep  9 12:58:19 ubuntu kernel: [    8.853821] pci_bus 0000:00: resource 5 [mem 0x000d0000-0x000d3fff]
Sep  9 12:58:19 ubuntu kernel: [    8.853822] pci_bus 0000:00: resource 6 [mem 0x000d4000-0x000d7fff]
Sep  9 12:58:19 ubuntu kernel: [    8.853824] pci_bus 0000:00: resource 7 [mem 0x000d8000-0x000dbfff]
Sep  9 12:58:19 ubuntu kernel: [    8.853825] pci_bus 0000:00: resource 8 [mem 0xc0000000-0xfebfffff]
Sep  9 12:58:19 ubuntu kernel: [    8.853827] pci_bus 0000:00: resource 9 [io  0x0000-0x0cf7]
Sep  9 12:58:19 ubuntu kernel: [    8.853829] pci_bus 0000:00: resource 10 [io  0x0d00-0xfeff]
Sep  9 12:58:19 ubuntu kernel: [    8.853831] pci_bus 0000:02: resource 0 [io  0x2000-0x3fff]
Sep  9 12:58:19 ubuntu kernel: [    8.853832] pci_bus 0000:02: resource 1 [mem 0xfd500000-0xfdffffff]
Sep  9 12:58:19 ubuntu kernel: [    8.853834] pci_bus 0000:02: resource 2 [mem 0xe7b00000-0xe7ffffff 64bit pref]
Sep  9 12:58:19 ubuntu kernel: [    8.853835] pci_bus 0000:02: resource 4 [mem 0x000a0000-0x000bffff]
Sep  9 12:58:19 ubuntu kernel: [    8.853837] pci_bus 0000:02: resource 5 [mem 0x000d0000-0x000d3fff]
Sep  9 12:58:19 ubuntu kernel: [    8.853838] pci_bus 0000:02: resource 6 [mem 0x000d4000-0x000d7fff]
Sep  9 12:58:19 ubuntu kernel: [    8.853840] pci_bus 0000:02: resource 7 [mem 0x000d8000-0x000dbfff]
Sep  9 12:58:19 ubuntu kernel: [    8.853841] pci_bus 0000:02: resource 8 [mem 0xc0000000-0xfebfffff]
Sep  9 12:58:19 ubuntu kernel: [    8.853843] pci_bus 0000:02: resource 9 [io  0x0000-0x0cf7]
Sep  9 12:58:19 ubuntu kernel: [    8.853844] pci_bus 0000:02: resource 10 [io  0x0d00-0xfeff]
Sep  9 12:58:19 ubuntu kernel: [    8.853846] pci_bus 0000:03: resource 0 [io  0x4000-0x4fff]
Sep  9 12:58:19 ubuntu kernel: [    8.853848] pci_bus 0000:03: resource 1 [mem 0xfd400000-0xfd4fffff]
Sep  9 12:58:19 ubuntu kernel: [    8.853849] pci_bus 0000:03: resource 2 [mem 0xe7a00000-0xe7afffff 64bit pref]
Sep  9 12:58:19 ubuntu kernel: [    8.853851] pci_bus 0000:04: resource 0 [io  0x8000-0x8fff]
Sep  9 12:58:19 ubuntu kernel: [    8.853852] pci_bus 0000:04: resource 1 [mem 0xfd000000-0xfd0fffff]
Sep  9 12:58:19 ubuntu kernel: [    8.853854] pci_bus 0000:04: resource 2 [mem 0xe7600000-0xe76fffff 64bit pref]
Sep  9 12:58:19 ubuntu kernel: [    8.853855] pci_bus 0000:05: resource 0 [io  0xc000-0xcfff]
Sep  9 12:58:19 ubuntu kernel: [    8.853857] pci_bus 0000:05: resource 1 [mem 0xfcc00000-0xfccfffff]
Sep  9 12:58:19 ubuntu kernel: [    8.853858] pci_bus 0000:05: resource 2 [mem 0xe7200000-0xe72fffff 64bit pref]
Sep  9 12:58:19 ubuntu kernel: [    8.853860] pci_bus 0000:06: resource 1 [mem 0xfc800000-0xfc8fffff]
Sep  9 12:58:19 ubuntu kernel: [    8.853862] pci_bus 0000:06: resource 2 [mem 0xe6e00000-0xe6efffff 64bit pref]
Sep  9 12:58:19 ubuntu kernel: [    8.853863] pci_bus 0000:07: resource 1 [mem 0xfc400000-0xfc4fffff]
Sep  9 12:58:19 ubuntu kernel: [    8.853865] pci_bus 0000:07: resource 2 [mem 0xe6a00000-0xe6afffff 64bit pref]
Sep  9 12:58:19 ubuntu kernel: [    8.853866] pci_bus 0000:08: resource 1 [mem 0xfc000000-0xfc0fffff]
Sep  9 12:58:19 ubuntu kernel: [    8.853868] pci_bus 0000:08: resource 2 [mem 0xe6600000-0xe66fffff 64bit pref]
Sep  9 12:58:19 ubuntu kernel: [    8.853869] pci_bus 0000:09: resource 1 [mem 0xfbc00000-0xfbcfffff]
Sep  9 12:58:19 ubuntu kernel: [    8.853871] pci_bus 0000:09: resource 2 [mem 0xe6200000-0xe62fffff 64bit pref]
Sep  9 12:58:19 ubuntu kernel: [    8.853873] pci_bus 0000:0a: resource 1 [mem 0xfb800000-0xfb8fffff]
Sep  9 12:58:19 ubuntu kernel: [    8.853874] pci_bus 0000:0a: resource 2 [mem 0xe5e00000-0xe5efffff 64bit pref]
Sep  9 12:58:19 ubuntu kernel: [    8.853876] pci_bus 0000:0b: resource 0 [io  0x5000-0x5fff]
Sep  9 12:58:19 ubuntu kernel: [    8.853877] pci_bus 0000:0b: resource 1 [mem 0xfd300000-0xfd3fffff]
Sep  9 12:58:19 ubuntu kernel: [    8.853879] pci_bus 0000:0b: resource 2 [mem 0xe7900000-0xe79fffff 64bit pref]
Sep  9 12:58:19 ubuntu kernel: [    8.853880] pci_bus 0000:0c: resource 0 [io  0x9000-0x9fff]
Sep  9 12:58:19 ubuntu kernel: [    8.853882] pci_bus 0000:0c: resource 1 [mem 0xfcf00000-0xfcffffff]
Sep  9 12:58:19 ubuntu kernel: [    8.853883] pci_bus 0000:0c: resource 2 [mem 0xe7500000-0xe75fffff 64bit pref]
Sep  9 12:58:19 ubuntu kernel: [    8.853885] pci_bus 0000:0d: resource 0 [io  0xd000-0xdfff]
Sep  9 12:58:19 ubuntu kernel: [    8.853886] pci_bus 0000:0d: resource 1 [mem 0xfcb00000-0xfcbfffff]
Sep  9 12:58:19 ubuntu kernel: [    8.853888] pci_bus 0000:0d: resource 2 [mem 0xe7100000-0xe71fffff 64bit pref]
Sep  9 12:58:19 ubuntu kernel: [    8.853889] pci_bus 0000:0e: resource 1 [mem 0xfc700000-0xfc7fffff]
Sep  9 12:58:19 ubuntu kernel: [    8.853891] pci_bus 0000:0e: resource 2 [mem 0xe6d00000-0xe6dfffff 64bit pref]
Sep  9 12:58:19 ubuntu kernel: [    8.853892] pci_bus 0000:0f: resource 1 [mem 0xfc300000-0xfc3fffff]
Sep  9 12:58:19 ubuntu kernel: [    8.853894] pci_bus 0000:0f: resource 2 [mem 0xe6900000-0xe69fffff 64bit pref]
Sep  9 12:58:19 ubuntu kernel: [    8.853896] pci_bus 0000:10: resource 1 [mem 0xfbf00000-0xfbffffff]
Sep  9 12:58:19 ubuntu kernel: [    8.853897] pci_bus 0000:10: resource 2 [mem 0xe6500000-0xe65fffff 64bit pref]
Sep  9 12:58:19 ubuntu kernel: [    8.853899] pci_bus 0000:11: resource 1 [mem 0xfbb00000-0xfbbfffff]
Sep  9 12:58:19 ubuntu kernel: [    8.853900] pci_bus 0000:11: resource 2 [mem 0xe6100000-0xe61fffff 64bit pref]
Sep  9 12:58:19 ubuntu kernel: [    8.853902] pci_bus 0000:12: resource 1 [mem 0xfb700000-0xfb7fffff]
Sep  9 12:58:19 ubuntu kernel: [    8.853903] pci_bus 0000:12: resource 2 [mem 0xe5d00000-0xe5dfffff 64bit pref]
Sep  9 12:58:19 ubuntu kernel: [    8.853905] pci_bus 0000:13: resource 0 [io  0x6000-0x6fff]
Sep  9 12:58:19 ubuntu kernel: [    8.853906] pci_bus 0000:13: resource 1 [mem 0xfd200000-0xfd2fffff]
Sep  9 12:58:19 ubuntu kernel: [    8.853908] pci_bus 0000:13: resource 2 [mem 0xe7800000-0xe78fffff 64bit pref]
Sep  9 12:58:19 ubuntu kernel: [    8.853909] pci_bus 0000:14: resource 0 [io  0xa000-0xafff]
Sep  9 12:58:19 ubuntu kernel: [    8.853911] pci_bus 0000:14: resource 1 [mem 0xfce00000-0xfcefffff]
Sep  9 12:58:19 ubuntu kernel: [    8.853912] pci_bus 0000:14: resource 2 [mem 0xe7400000-0xe74fffff 64bit pref]
Sep  9 12:58:19 ubuntu kernel: [    8.853914] pci_bus 0000:15: resource 0 [io  0xe000-0xefff]
Sep  9 12:58:19 ubuntu kernel: [    8.853915] pci_bus 0000:15: resource 1 [mem 0xfca00000-0xfcafffff]
Sep  9 12:58:19 ubuntu kernel: [    8.853917] pci_bus 0000:15: resource 2 [mem 0xe7000000-0xe70fffff 64bit pref]
Sep  9 12:58:19 ubuntu kernel: [    8.853919] pci_bus 0000:16: resource 1 [mem 0xfc600000-0xfc6fffff]
Sep  9 12:58:19 ubuntu kernel: [    8.853920] pci_bus 0000:16: resource 2 [mem 0xe6c00000-0xe6cfffff 64bit pref]
Sep  9 12:58:19 ubuntu kernel: [    8.853922] pci_bus 0000:17: resource 1 [mem 0xfc200000-0xfc2fffff]
Sep  9 12:58:19 ubuntu kernel: [    8.853923] pci_bus 0000:17: resource 2 [mem 0xe6800000-0xe68fffff 64bit pref]
Sep  9 12:58:19 ubuntu kernel: [    8.853925] pci_bus 0000:18: resource 1 [mem 0xfbe00000-0xfbefffff]
Sep  9 12:58:19 ubuntu kernel: [    8.853926] pci_bus 0000:18: resource 2 [mem 0xe6400000-0xe64fffff 64bit pref]
Sep  9 12:58:19 ubuntu kernel: [    8.853928] pci_bus 0000:19: resource 1 [mem 0xfba00000-0xfbafffff]
Sep  9 12:58:19 ubuntu kernel: [    8.853930] pci_bus 0000:19: resource 2 [mem 0xe6000000-0xe60fffff 64bit pref]
Sep  9 12:58:19 ubuntu kernel: [    8.853931] pci_bus 0000:1a: resource 1 [mem 0xfb600000-0xfb6fffff]
Sep  9 12:58:19 ubuntu kernel: [    8.853933] pci_bus 0000:1a: resource 2 [mem 0xe5c00000-0xe5cfffff 64bit pref]
Sep  9 12:58:19 ubuntu kernel: [    8.853934] pci_bus 0000:1b: resource 0 [io  0x7000-0x7fff]
Sep  9 12:58:19 ubuntu kernel: [    8.853936] pci_bus 0000:1b: resource 1 [mem 0xfd100000-0xfd1fffff]
Sep  9 12:58:19 ubuntu kernel: [    8.853937] pci_bus 0000:1b: resource 2 [mem 0xe7700000-0xe77fffff 64bit pref]
Sep  9 12:58:19 ubuntu kernel: [    8.853939] pci_bus 0000:1c: resource 0 [io  0xb000-0xbfff]
Sep  9 12:58:19 ubuntu kernel: [    8.853940] pci_bus 0000:1c: resource 1 [mem 0xfcd00000-0xfcdfffff]
Sep  9 12:58:19 ubuntu kernel: [    8.853942] pci_bus 0000:1c: resource 2 [mem 0xe7300000-0xe73fffff 64bit pref]
Sep  9 12:58:19 ubuntu kernel: [    8.853943] pci_bus 0000:1d: resource 1 [mem 0xfc900000-0xfc9fffff]
Sep  9 12:58:19 ubuntu kernel: [    8.853945] pci_bus 0000:1d: resource 2 [mem 0xe6f00000-0xe6ffffff 64bit pref]
Sep  9 12:58:19 ubuntu kernel: [    8.853947] pci_bus 0000:1e: resource 1 [mem 0xfc500000-0xfc5fffff]
Sep  9 12:58:19 ubuntu kernel: [    8.853948] pci_bus 0000:1e: resource 2 [mem 0xe6b00000-0xe6bfffff 64bit pref]
Sep  9 12:58:19 ubuntu kernel: [    8.853950] pci_bus 0000:1f: resource 1 [mem 0xfc100000-0xfc1fffff]
Sep  9 12:58:19 ubuntu kernel: [    8.853951] pci_bus 0000:1f: resource 2 [mem 0xe6700000-0xe67fffff 64bit pref]
Sep  9 12:58:19 ubuntu kernel: [    8.853953] pci_bus 0000:20: resource 1 [mem 0xfbd00000-0xfbdfffff]
Sep  9 12:58:19 ubuntu kernel: [    8.853954] pci_bus 0000:20: resource 2 [mem 0xe6300000-0xe63fffff 64bit pref]
Sep  9 12:58:19 ubuntu kernel: [    8.853956] pci_bus 0000:21: resource 1 [mem 0xfb900000-0xfb9fffff]
Sep  9 12:58:19 ubuntu kernel: [    8.853957] pci_bus 0000:21: resource 2 [mem 0xe5f00000-0xe5ffffff 64bit pref]
Sep  9 12:58:19 ubuntu kernel: [    8.853959] pci_bus 0000:22: resource 1 [mem 0xfb500000-0xfb5fffff]
Sep  9 12:58:19 ubuntu kernel: [    8.853961] pci_bus 0000:22: resource 2 [mem 0xe5b00000-0xe5bfffff 64bit pref]
Sep  9 12:58:19 ubuntu kernel: [    8.853999] NET: Registered protocol family 2
Sep  9 12:58:19 ubuntu kernel: [    8.854116] TCP established hash table entries: 8192 (order: 3, 32768 bytes)
Sep  9 12:58:19 ubuntu kernel: [    8.854116] TCP bind hash table entries: 8192 (order: 4, 65536 bytes)
Sep  9 12:58:19 ubuntu kernel: [    8.854168] TCP: Hash tables configured (established 8192 bind 8192)
Sep  9 12:58:19 ubuntu kernel: [    8.854273] TCP: reno registered
Sep  9 12:58:19 ubuntu kernel: [    8.854275] UDP hash table entries: 512 (order: 2, 16384 bytes)
Sep  9 12:58:19 ubuntu kernel: [    8.854281] UDP-Lite hash table entries: 512 (order: 2, 16384 bytes)
Sep  9 12:58:19 ubuntu kernel: [    8.854318] NET: Registered protocol family 1
Sep  9 12:58:19 ubuntu kernel: [    8.854325] pci 0000:00:00.0: Limiting direct PCI/PCI transfers
Sep  9 12:58:19 ubuntu kernel: [    8.854385] pci 0000:00:0f.0: Boot video device
Sep  9 12:58:19 ubuntu kernel: [    8.854722] PCI: CLS 32 bytes, default 64
Sep  9 12:58:19 ubuntu kernel: [    8.854766] Trying to unpack rootfs image as initramfs...
Sep  9 12:58:19 ubuntu kernel: [    9.030118] Freeing initrd memory: 18276K (f5c3e000 - f6e17000)
Sep  9 12:58:19 ubuntu kernel: [    9.030221] Simple Boot Flag at 0x36 set to 0x1
Sep  9 12:58:19 ubuntu kernel: [    9.030325] Switched to clocksource tsc
Sep  9 12:58:19 ubuntu kernel: [    9.030556] microcode: CPU0 sig=0x306a9, pf=0x1, revision=0x1b
Sep  9 12:58:19 ubuntu kernel: [    9.030562] microcode: CPU1 sig=0x306a9, pf=0x1, revision=0x1b
Sep  9 12:58:19 ubuntu kernel: [    9.030606] microcode: CPU2 sig=0x306a9, pf=0x1, revision=0x1b
Sep  9 12:58:19 ubuntu kernel: [    9.030655] microcode: CPU3 sig=0x306a9, pf=0x1, revision=0x1b
Sep  9 12:58:19 ubuntu kernel: [    9.030709] microcode: Microcode Update Driver: v2.00 <tigran@aivazian.fsnet.co.uk>, Peter Oruba
Sep  9 12:58:19 ubuntu kernel: [    9.030711] Scanning for low memory corruption every 60 seconds
Sep  9 12:58:19 ubuntu kernel: [    9.031039] Initialise system trusted keyring
Sep  9 12:58:19 ubuntu kernel: [    9.031068] audit: initializing netlink socket (disabled)
Sep  9 12:58:19 ubuntu kernel: [    9.031076] type=2000 audit(1441828696.244:1): initialized
Sep  9 12:58:19 ubuntu kernel: [    9.042388] bounce pool size: 64 pages
Sep  9 12:58:19 ubuntu kernel: [    9.042415] HugeTLB registered 2 MB page size, pre-allocated 0 pages
Sep  9 12:58:19 ubuntu kernel: [    9.042934] zbud: loaded
Sep  9 12:58:19 ubuntu kernel: [    9.043080] VFS: Disk quotas dquot_6.5.2
Sep  9 12:58:19 ubuntu kernel: [    9.043111] Dquot-cache hash table entries: 1024 (order 0, 4096 bytes)
Sep  9 12:58:19 ubuntu kernel: [    9.043426] fuse init (API version 7.22)
Sep  9 12:58:19 ubuntu kernel: [    9.043475] msgmni has been set to 1657
Sep  9 12:58:19 ubuntu kernel: [    9.043511] Key type big_key registered
Sep  9 12:58:19 ubuntu kernel: [    9.044766] Key type asymmetric registered
Sep  9 12:58:19 ubuntu kernel: [    9.044768] Asymmetric key parser 'x509' registered
Sep  9 12:58:19 ubuntu kernel: [    9.044791] Block layer SCSI generic (bsg) driver version 0.4 loaded (major 252)
Sep  9 12:58:19 ubuntu kernel: [    9.044883] io scheduler noop registered
Sep  9 12:58:19 ubuntu kernel: [    9.044894] io scheduler deadline registered (default)
Sep  9 12:58:19 ubuntu kernel: [    9.044912] io scheduler cfq registered
Sep  9 12:58:19 ubuntu kernel: [    9.045055] pcieport 0000:00:15.0: irq 40 for MSI/MSI-X
Sep  9 12:58:19 ubuntu kernel: [    9.045198] pcieport 0000:00:15.1: irq 41 for MSI/MSI-X
Sep  9 12:58:19 ubuntu kernel: [    9.045340] pcieport 0000:00:15.2: irq 42 for MSI/MSI-X
Sep  9 12:58:19 ubuntu kernel: [    9.045483] pcieport 0000:00:15.3: irq 43 for MSI/MSI-X
Sep  9 12:58:19 ubuntu kernel: [    9.045911] pcieport 0000:00:15.4: irq 44 for MSI/MSI-X
Sep  9 12:58:19 ubuntu kernel: [    9.046053] pcieport 0000:00:15.5: irq 45 for MSI/MSI-X
Sep  9 12:58:19 ubuntu kernel: [    9.046196] pcieport 0000:00:15.6: irq 46 for MSI/MSI-X
Sep  9 12:58:19 ubuntu kernel: [    9.046339] pcieport 0000:00:15.7: irq 47 for MSI/MSI-X
Sep  9 12:58:19 ubuntu kernel: [    9.046482] pcieport 0000:00:16.0: irq 48 for MSI/MSI-X
Sep  9 12:58:19 ubuntu kernel: [    9.046625] pcieport 0000:00:16.1: irq 49 for MSI/MSI-X
Sep  9 12:58:19 ubuntu kernel: [    9.046768] pcieport 0000:00:16.2: irq 50 for MSI/MSI-X
Sep  9 12:58:19 ubuntu kernel: [    9.046910] pcieport 0000:00:16.3: irq 51 for MSI/MSI-X
Sep  9 12:58:19 ubuntu kernel: [    9.047053] pcieport 0000:00:16.4: irq 52 for MSI/MSI-X
Sep  9 12:58:19 ubuntu kernel: [    9.047196] pcieport 0000:00:16.5: irq 53 for MSI/MSI-X
Sep  9 12:58:19 ubuntu kernel: [    9.047339] pcieport 0000:00:16.6: irq 54 for MSI/MSI-X
Sep  9 12:58:19 ubuntu kernel: [    9.047482] pcieport 0000:00:16.7: irq 55 for MSI/MSI-X
Sep  9 12:58:19 ubuntu kernel: [    9.047625] pcieport 0000:00:17.0: irq 56 for MSI/MSI-X
Sep  9 12:58:19 ubuntu kernel: [    9.047767] pcieport 0000:00:17.1: irq 57 for MSI/MSI-X
Sep  9 12:58:19 ubuntu kernel: [    9.047910] pcieport 0000:00:17.2: irq 58 for MSI/MSI-X
Sep  9 12:58:19 ubuntu kernel: [    9.048053] pcieport 0000:00:17.3: irq 59 for MSI/MSI-X
Sep  9 12:58:19 ubuntu kernel: [    9.048196] pcieport 0000:00:17.4: irq 60 for MSI/MSI-X
Sep  9 12:58:19 ubuntu kernel: [    9.048339] pcieport 0000:00:17.5: irq 61 for MSI/MSI-X
Sep  9 12:58:19 ubuntu kernel: [    9.048482] pcieport 0000:00:17.6: irq 62 for MSI/MSI-X
Sep  9 12:58:19 ubuntu kernel: [    9.048624] pcieport 0000:00:17.7: irq 63 for MSI/MSI-X
Sep  9 12:58:19 ubuntu kernel: [    9.048767] pcieport 0000:00:18.0: irq 64 for MSI/MSI-X
Sep  9 12:58:19 ubuntu kernel: [    9.048910] pcieport 0000:00:18.1: irq 65 for MSI/MSI-X
Sep  9 12:58:19 ubuntu kernel: [    9.049053] pcieport 0000:00:18.2: irq 66 for MSI/MSI-X
Sep  9 12:58:19 ubuntu kernel: [    9.049196] pcieport 0000:00:18.3: irq 67 for MSI/MSI-X
Sep  9 12:58:19 ubuntu kernel: [    9.049339] pcieport 0000:00:18.4: irq 68 for MSI/MSI-X
Sep  9 12:58:19 ubuntu kernel: [    9.049481] pcieport 0000:00:18.5: irq 69 for MSI/MSI-X
Sep  9 12:58:19 ubuntu kernel: [    9.049921] pcieport 0000:00:18.6: irq 70 for MSI/MSI-X
Sep  9 12:58:19 ubuntu kernel: [    9.050064] pcieport 0000:00:18.7: irq 71 for MSI/MSI-X
Sep  9 12:58:19 ubuntu kernel: [    9.050207] pcieport 0000:00:15.0: Signaling PME through PCIe PME interrupt
Sep  9 12:58:19 ubuntu kernel: [    9.050224] pcie_pme 0000:00:15.0:pcie01: service driver pcie_pme loaded
Sep  9 12:58:19 ubuntu kernel: [    9.050302] pcieport 0000:00:15.1: Signaling PME through PCIe PME interrupt
Sep  9 12:58:19 ubuntu kernel: [    9.050319] pcie_pme 0000:00:15.1:pcie01: service driver pcie_pme loaded
Sep  9 12:58:19 ubuntu kernel: [    9.050396] pcieport 0000:00:15.2: Signaling PME through PCIe PME interrupt
Sep  9 12:58:19 ubuntu kernel: [    9.050413] pcie_pme 0000:00:15.2:pcie01: service driver pcie_pme loaded
Sep  9 12:58:19 ubuntu kernel: [    9.050491] pcieport 0000:00:15.3: Signaling PME through PCIe PME interrupt
Sep  9 12:58:19 ubuntu kernel: [    9.050507] pcie_pme 0000:00:15.3:pcie01: service driver pcie_pme loaded
Sep  9 12:58:19 ubuntu kernel: [    9.050585] pcieport 0000:00:15.4: Signaling PME through PCIe PME interrupt
Sep  9 12:58:19 ubuntu kernel: [    9.050601] pcie_pme 0000:00:15.4:pcie01: service driver pcie_pme loaded
Sep  9 12:58:19 ubuntu kernel: [    9.050680] pcieport 0000:00:15.5: Signaling PME through PCIe PME interrupt
Sep  9 12:58:19 ubuntu kernel: [    9.050697] pcie_pme 0000:00:15.5:pcie01: service driver pcie_pme loaded
Sep  9 12:58:19 ubuntu kernel: [    9.050774] pcieport 0000:00:15.6: Signaling PME through PCIe PME interrupt
Sep  9 12:58:19 ubuntu kernel: [    9.050791] pcie_pme 0000:00:15.6:pcie01: service driver pcie_pme loaded
Sep  9 12:58:19 ubuntu kernel: [    9.050887] pcieport 0000:00:15.7: Signaling PME through PCIe PME interrupt
Sep  9 12:58:19 ubuntu kernel: [    9.050903] pcie_pme 0000:00:15.7:pcie01: service driver pcie_pme loaded
Sep  9 12:58:19 ubuntu kernel: [    9.050980] pcieport 0000:00:16.0: Signaling PME through PCIe PME interrupt
Sep  9 12:58:19 ubuntu kernel: [    9.050997] pcie_pme 0000:00:16.0:pcie01: service driver pcie_pme loaded
Sep  9 12:58:19 ubuntu kernel: [    9.051075] pcieport 0000:00:16.1: Signaling PME through PCIe PME interrupt
Sep  9 12:58:19 ubuntu kernel: [    9.051091] pcie_pme 0000:00:16.1:pcie01: service driver pcie_pme loaded
Sep  9 12:58:19 ubuntu kernel: [    9.051169] pcieport 0000:00:16.2: Signaling PME through PCIe PME interrupt
Sep  9 12:58:19 ubuntu kernel: [    9.051185] pcie_pme 0000:00:16.2:pcie01: service driver pcie_pme loaded
Sep  9 12:58:19 ubuntu kernel: [    9.051264] pcieport 0000:00:16.3: Signaling PME through PCIe PME interrupt
Sep  9 12:58:19 ubuntu kernel: [    9.051280] pcie_pme 0000:00:16.3:pcie01: service driver pcie_pme loaded
Sep  9 12:58:19 ubuntu kernel: [    9.051358] pcieport 0000:00:16.4: Signaling PME through PCIe PME interrupt
Sep  9 12:58:19 ubuntu kernel: [    9.051374] pcie_pme 0000:00:16.4:pcie01: service driver pcie_pme loaded
Sep  9 12:58:19 ubuntu kernel: [    9.051452] pcieport 0000:00:16.5: Signaling PME through PCIe PME interrupt
Sep  9 12:58:19 ubuntu kernel: [    9.051468] pcie_pme 0000:00:16.5:pcie01: service driver pcie_pme loaded
Sep  9 12:58:19 ubuntu kernel: [    9.051546] pcieport 0000:00:16.6: Signaling PME through PCIe PME interrupt
Sep  9 12:58:19 ubuntu kernel: [    9.051562] pcie_pme 0000:00:16.6:pcie01: service driver pcie_pme loaded
Sep  9 12:58:19 ubuntu kernel: [    9.051641] pcieport 0000:00:16.7: Signaling PME through PCIe PME interrupt
Sep  9 12:58:19 ubuntu kernel: [    9.051657] pcie_pme 0000:00:16.7:pcie01: service driver pcie_pme loaded
Sep  9 12:58:19 ubuntu kernel: [    9.051735] pcieport 0000:00:17.0: Signaling PME through PCIe PME interrupt
Sep  9 12:58:19 ubuntu kernel: [    9.051752] pcie_pme 0000:00:17.0:pcie01: service driver pcie_pme loaded
Sep  9 12:58:19 ubuntu kernel: [    9.051836] pcieport 0000:00:17.1: Signaling PME through PCIe PME interrupt
Sep  9 12:58:19 ubuntu kernel: [    9.051852] pcie_pme 0000:00:17.1:pcie01: service driver pcie_pme loaded
Sep  9 12:58:19 ubuntu kernel: [    9.051930] pcieport 0000:00:17.2: Signaling PME through PCIe PME interrupt
Sep  9 12:58:19 ubuntu kernel: [    9.051946] pcie_pme 0000:00:17.2:pcie01: service driver pcie_pme loaded
Sep  9 12:58:19 ubuntu kernel: [    9.052024] pcieport 0000:00:17.3: Signaling PME through PCIe PME interrupt
Sep  9 12:58:19 ubuntu kernel: [    9.052040] pcie_pme 0000:00:17.3:pcie01: service driver pcie_pme loaded
Sep  9 12:58:19 ubuntu kernel: [    9.052118] pcieport 0000:00:17.4: Signaling PME through PCIe PME interrupt
Sep  9 12:58:19 ubuntu kernel: [    9.052134] pcie_pme 0000:00:17.4:pcie01: service driver pcie_pme loaded
